Component: ARM Compiler 5.06 update 4 (build 422) Tool: armlink [4d35d2]

==============================================================================

Section Cross References

    main.o(i.disp_comm) refers to gui.o(i.GUI_ClrArea) for GUI_ClrArea
    main.o(i.disp_comm) refers to gui.o(i.GUI_DispStr) for GUI_DispStr
    main.o(i.disp_comm) refers to gui.o(.data) for Label
    main.o(i.disp_comm) refers to main.o(.data) for commstr
    main.o(i.disp_home) refers to gui.o(i.GUI_ClrArea) for GUI_ClrArea
    main.o(i.disp_home) refers to gui.o(i.GUI_DispStr) for GUI_DispStr
    main.o(i.disp_home) refers to gui.o(.data) for Screen
    main.o(i.disp_mdl_prc) refers to gui.o(i.GUI_ClrArea) for GUI_ClrArea
    main.o(i.disp_mdl_prc) refers to main.o(i.set_label_backclor) for set_label_backclor
    main.o(i.disp_mdl_prc) refers to gui.o(i.GUI_DispStr) for GUI_DispStr
    main.o(i.disp_mdl_prc) refers to main.o(i.disp_comm) for disp_comm
    main.o(i.disp_mdl_prc) refers to gui.o(.data) for Screen
    main.o(i.disp_recg) refers to gui.o(i.GUI_ClrArea) for GUI_ClrArea
    main.o(i.disp_recg) refers to gui.o(i.GUI_DispStr) for GUI_DispStr
    main.o(i.disp_recg) refers to gui.o(.data) for Screen
    main.o(i.main) refers to bsp.o(i.BSP_Init) for BSP_Init
    main.o(i.main) refers to usart.o(i.USART1_printf_line) for USART1_printf_line
    main.o(i.main) refers to bsp.o(i.BSP_CPU_ClkFreq) for BSP_CPU_ClkFreq
    main.o(i.main) refers to main.o(i.disp_home) for disp_home
    main.o(i.main) refers to gui.o(i.wait_touch) for wait_touch
    main.o(i.main) refers to gui.o(i.touch_area) for touch_area
    main.o(i.main) refers to main.o(i.prc) for prc
    main.o(i.main) refers to main.o(i.recg) for recg
    main.o(i.main) refers to gui.o(.data) for Label
    main.o(i.prc) refers to main.o(i.disp_mdl_prc) for disp_mdl_prc
    main.o(i.prc) refers to main.o(i.set_comm_backclor) for set_comm_backclor
    main.o(i.prc) refers to gui.o(i.wait_touch) for wait_touch
    main.o(i.prc) refers to gui.o(i.touch_area) for touch_area
    main.o(i.prc) refers to main.o(i.disp_home) for disp_home
    main.o(i.prc) refers to delay.o(i.delay_ms) for delay_ms
    main.o(i.prc) refers to gui.o(i.GUI_ClrArea) for GUI_ClrArea
    main.o(i.prc) refers to gui.o(i.GUI_DispStr) for GUI_DispStr
    main.o(i.prc) refers to gui.o(i.GUI_HideArea) for GUI_HideArea
    main.o(i.prc) refers to main.o(i.record) for record
    main.o(i.prc) refers to main.o(i.save_mdl) for save_mdl
    main.o(i.prc) refers to gui.o(i.GUI_printf) for GUI_printf
    main.o(i.prc) refers to gui.o(.data) for Label
    main.o(i.prc) refers to main.o(.bss) for VcBuf
    main.o(i.recg) refers to main.o(i.disp_recg) for disp_recg
    main.o(i.recg) refers to gui.o(i.wait_touch) for wait_touch
    main.o(i.recg) refers to gui.o(i.touch_area) for touch_area
    main.o(i.recg) refers to main.o(i.disp_home) for disp_home
    main.o(i.recg) refers to main.o(i.record) for record
    main.o(i.recg) refers to gui.o(i.GUI_ClrArea) for GUI_ClrArea
    main.o(i.recg) refers to gui.o(i.GUI_DispStr) for GUI_DispStr
    main.o(i.recg) refers to main.o(i.spch_recg) for spch_recg
    main.o(i.recg) refers to gui.o(i.GUI_printf) for GUI_printf
    main.o(i.recg) refers to gui.o(i.GUI_HideArea) for GUI_HideArea
    main.o(i.recg) refers to gui.o(.data) for Label
    main.o(i.recg) refers to main.o(.bss) for VcBuf
    main.o(i.record) refers to delay.o(i.delay_ms) for delay_ms
    main.o(i.record) refers to stm32f10x_tim.o(i.TIM_Cmd) for TIM_Cmd
    main.o(i.record) refers to gui.o(i.GUI_ClrArea) for GUI_ClrArea
    main.o(i.record) refers to gui.o(i.GUI_DispStr) for GUI_DispStr
    main.o(i.record) refers to main.o(i.set_label_backclor) for set_label_backclor
    main.o(i.record) refers to stm32f10x_dma.o(i.DMA_GetFlagStatus) for DMA_GetFlagStatus
    main.o(i.record) refers to stm32f10x_dma.o(i.DMA_ClearFlag) for DMA_ClearFlag
    main.o(i.record) refers to gui.o(.data) for Label
    main.o(i.save_mdl) refers to vad.o(i.noise_atap) for noise_atap
    main.o(i.save_mdl) refers to vad.o(i.VAD) for VAD
    main.o(i.save_mdl) refers to mfcc.o(i.get_mfcc) for get_mfcc
    main.o(i.save_mdl) refers to flash.o(i.save_ftr_mdl) for save_ftr_mdl
    main.o(i.save_mdl) refers to main.o(.bss) for atap_arg
    main.o(i.set_comm_backclor) refers to main.o(i.disp_comm) for disp_comm
    main.o(i.set_comm_backclor) refers to gui.o(.data) for Label
    main.o(i.set_label_backclor) refers to gui.o(i.GUI_ClrArea) for GUI_ClrArea
    main.o(i.spch_recg) refers to vad.o(i.noise_atap) for noise_atap
    main.o(i.spch_recg) refers to vad.o(i.VAD) for VAD
    main.o(i.spch_recg) refers to usart.o(i.USART1_printf) for USART1_printf
    main.o(i.spch_recg) refers to mfcc.o(i.get_mfcc) for get_mfcc
    main.o(i.spch_recg) refers to dtw.o(i.dtw) for dtw
    main.o(i.spch_recg) refers to main.o(.bss) for atap_arg
    main.o(i.spch_recg) refers to main.o(.data) for commstr
[...]
    Removing stm32f10x_usart.o(i.USART_ClearITPendingBit), (30 bytes).
    Removing stm32f10x_usart.o(i.USART_ClockInit), (34 bytes).
    Removing stm32f10x_usart.o(i.USART_ClockStructInit), (12 bytes).
    Removing stm32f10x_usart.o(i.USART_DeInit), (156 bytes).
    Removing stm32f10x_usart.o(i.USART_GetFlagStatus), (26 bytes).
    Removing stm32f10x_usart.o(i.USART_GetITStatus), (84 bytes).
    Removing stm32f10x_usart.o(i.USART_HalfDuplexCmd), (24 bytes).
    Removing stm32f10x_usart.o(i.USART_IrDACmd), (24 bytes).
    Removing stm32f10x_usart.o(i.USART_IrDAConfig), (18 bytes).
    Removing stm32f10x_usart.o(i.USART_LINBreakDetectLengthConfig), (18 bytes).
    Removing stm32f10x_usart.o(i.USART_LINCmd), (24 bytes).
    Removing stm32f10x_usart.o(i.USART_OneBitMethodCmd), (24 bytes).
    Removing stm32f10x_usart.o(i.USART_OverSampling8Cmd), (22 bytes).
    Removing stm32f10x_usart.o(i.USART_ReceiveData), (10 bytes).
    Removing stm32f10x_usart.o(i.USART_ReceiverWakeUpCmd), (24 bytes).
    Removing stm32f10x_usart.o(i.USART_SendBreak), (10 bytes).
    Removing stm32f10x_usart.o(i.USART_SetAddress), (18 bytes).
    Removing stm32f10x_usart.o(i.USART_SetGuardTime), (16 bytes).
    Removing stm32f10x_usart.o(i.USART_SetPrescaler), (16 bytes).
    Removing stm32f10x_usart.o(i.USART_SmartCardCmd), (24 bytes).
    Removing stm32f10x_usart.o(i.USART_SmartCardNACKCmd), (24 bytes).
    Removing stm32f10x_usart.o(i.USART_StructInit), (24 bytes).
    Removing stm32f10x_usart.o(i.USART_WakeUpConfig), (18 bytes).
    Removing stm32f10x_wwdg.o(i.WWDG_ClearFlag), (12 bytes).
    Removing stm32f10x_wwdg.o(i.WWDG_DeInit), (22 bytes).
    Removing stm32f10x_wwdg.o(i.WWDG_Enable), (16 bytes).
    Removing stm32f10x_wwdg.o(i.WWDG_EnableIT), (12 bytes).
    Removing stm32f10x_wwdg.o(i.WWDG_GetFlagStatus), (12 bytes).
    Removing stm32f10x_wwdg.o(i.WWDG_SetCounter), (16 bytes).
    Removing stm32f10x_wwdg.o(i.WWDG_SetPrescaler), (24 bytes).
    Removing stm32f10x_wwdg.o(i.WWDG_SetWindowValue), (40 bytes).

453 unused section(s) (total 279572 bytes) removed from the image.

==============================================================================

Image Symbol Table

    Local Symbols

    Symbol Name                              Value     Ov Type        Size  Object(Section)

    ../clib/../cmprslib/zerorunl2.c          0x00000000   Number         0  __dczerorl2.o ABSOLUTE
    ../clib/microlib/division.c              0x00000000   Number         0  uldiv.o ABSOLUTE
    ../clib/microlib/division.c              0x00000000   Number         0  uidiv.o ABSOLUTE
    ../clib/microlib/errno.c                 0x00000000   Number         0  errno.o ABSOLUTE
    ../clib/microlib/init/entry.s            0x00000000   Number         0  entry7b.o ABSOLUTE
    ../clib/microlib/init/entry.s            0x00000000   Number         0  entry7a.o ABSOLUTE
    ../clib/microlib/init/entry.s            0x00000000   Number         0  entry5.o ABSOLUTE
    ../clib/microlib/init/entry.s            0x00000000   Number         0  entry.o ABSOLUTE
    ../clib/microlib/init/entry.s            0x00000000   Number         0  entry10b.o ABSOLUTE
    ../clib/microlib/init/entry.s            0x00000000   Number         0  entry9b.o ABSOLUTE
    ../clib/microlib/init/entry.s            0x00000000   Number         0  entry11b.o ABSOLUTE
    ../clib/microlib/init/entry.s            0x00000000   Number         0  entry11a.o ABSOLUTE
    ../clib/microlib/init/entry.s            0x00000000   Number         0  entry10a.o ABSOLUTE
    ../clib/microlib/init/entry.s            0x00000000   Number         0  entry9a.o ABSOLUTE
    ../clib/microlib/init/entry.s            0x00000000   Number         0  entry2.o ABSOLUTE
    ../clib/microlib/init/entry.s            0x00000000   Number         0  entry8b.o ABSOLUTE
    ../clib/microlib/init/entry.s            0x00000000   Number         0  entry8a.o ABSOLUTE
    ../clib/microlib/longlong.c              0x00000000   Number         0  llshl.o ABSOLUTE
    ../clib/microlib/longlong.c              0x00000000   Number         0  llushr.o ABSOLUTE
    ../clib/microlib/longlong.c              0x00000000   Number         0  llsshr.o ABSOLUTE
    ../clib/microlib/printf/printf.c         0x00000000   Number         0  printfa.o ABSOLUTE
    ../clib/microlib/stdio/fputc.c           0x00000000   Number         0  fputc.o ABSOLUTE
    ../clib/microlib/stdio/semi.s            0x00000000   Number         0  semi.o ABSOLUTE
    ../clib/microlib/stdio/streams.c         0x00000000   Number         0  stdout.o ABSOLUTE
    ../clib/microlib/string/memcmp.c         0x00000000   Number         0  memcmp.o ABSOLUTE
    ../clib/microlib/stubs.s                 0x00000000   Number         0  iusesemip.o ABSOLUTE
    ../clib/microlib/stubs.s                 0x00000000   Number         0  iusefp.o ABSOLUTE
    ../fplib/microlib/fpadd.c                0x00000000   Number         0  dadd.o ABSOLUTE
    ../fplib/microlib/fpdiv.c                0x00000000   Number         0  ddiv.o ABSOLUTE
    ../fplib/microlib/fpepilogue.c           0x00000000   Number         0  depilogue.o ABSOLUTE
    ../fplib/microlib/fpepilogue.c           0x00000000   Number         0  fepilogue.o ABSOLUTE
    ../fplib/microlib/fpfix.c                0x00000000   Number         0  dfixul.o ABSOLUTE
    ../fplib/microlib/fpfix.c                0x00000000   Number         0  dfixui.o ABSOLUTE
    ../fplib/microlib/fpfix.c                0x00000000   Number         0  ffixui.o ABSOLUTE
    ../fplib/microlib/fpflt.c                0x00000000   Number         0  dflti.o ABSOLUTE
    ../fplib/microlib/fpflt.c                0x00000000   Number         0  ffltui.o ABSOLUTE
    ../fplib/microlib/fpflt.c                0x00000000   Number         0  fflti.o ABSOLUTE
    ../fplib/microlib/fpflt.c                0x00000000   Number         0  dfltui.o ABSOLUTE
    ../fplib/microlib/fpmul.c                0x00000000   Number         0  fmul.o ABSOLUTE
    ../fplib/microlib/fpmul.c                0x00000000   Number         0  dmul.o ABSOLUTE
    ../fplib/microlib/fpscalb.c              0x00000000   Number         0  dscalb.o ABSOLUTE
    ../fplib/microlib/fpsqrt.c               0x00000000   Number         0  fsqrt.o ABSOLUTE
    ../mathlib/dunder.c                      0x00000000   Number         0  dunder.o ABSOLUTE
    ../mathlib/log.c                         0x00000000   Number         0  log_x.o ABSOLUTE
    ../mathlib/log.c                         0x00000000   Number         0  log.o ABSOLUTE
    ../mathlib/poly.c                        0x00000000   Number         0  poly.o ABSOLUTE
    ../mathlib/qnan.c                        0x00000000   Number         0  qnan.o ABSOLUTE
    ../mathlib/sqrtf.c                       0x00000000   Number         0  sqrtf.o ABSOLUTE
    ../mathlib/sqrtf.c                       0x00000000   Number         0  sqrtf_x.o ABSOLUTE
    Src\APP\main.c                           0x00000000   Number         0  main.o ABSOLUTE
    Src\BSP\ADC.C                            0x00000000   Number         0  adc.o ABSOLUTE
    Src\BSP\BSP.c                            0x00000000   Number         0  bsp.o ABSOLUTE
    Src\BSP\Flash.C                          0x00000000   Number         0  flash.o ABSOLUTE
    Src\BSP\SPI.C                            0x00000000   Number         0  spi.o ABSOLUTE
    Src\BSP\TFTLCD.c                         0x00000000   Number         0  tftlcd.o ABSOLUTE
    Src\BSP\USART.C                          0x00000000   Number         0  usart.o ABSOLUTE
    Src\BSP\cr4_fft_1024_stm32.s             0x00000000   Number         0  cr4_fft_1024_stm32.o ABSOLUTE
    Src\BSP\delay.c                          0x00000000   Number         0  delay.o ABSOLUTE
    Src\BSP\spiFlash.c                       0x00000000   Number         0  spiflash.o ABSOLUTE
    Src\BSP\touch_panel.c                    0x00000000   Number         0  touch_panel.o ABSOLUTE
    Src\CM3_SYS\core_cm3.c                   0x00000000   Number         0  core_cm3.o ABSOLUTE
    Src\GUI\GUI.C                            0x00000000   Number         0  gui.o ABSOLUTE
    Src\Speech_Recog\DTW.C                   0x00000000   Number         0  dtw.o ABSOLUTE
    Src\Speech_Recog\MFCC.C                  0x00000000   Number         0  mfcc.o ABSOLUTE
    Src\Speech_Recog\VAD.C                   0x00000000   Number         0  vad.o ABSOLUTE
    Src\StdPeriph_Driver\Startup\startup_stm32f10x_hd.s 0x00000000   Number         0  startup_stm32f10x_hd.o ABSOLUTE
    Src\StdPeriph_Driver\src\misc.c          0x00000000   Number         0  misc.o ABSOLUTE
    Src\StdPeriph_Driver\src\stm32f10x_adc.c 0x00000000   Number         0  stm32f10x_adc.o ABSOLUTE
    Src\StdPeriph_Driver\src\stm32f10x_bkp.c 0x00000000   Number         0  stm32f10x_bkp.o ABSOLUTE
    Src\StdPeriph_Driver\src\stm32f10x_can.c 0x00000000   Number         0  stm32f10x_can.o ABSOLUTE
    Src\StdPeriph_Driver\src\stm32f10x_cec.c 0x00000000   Number         0  stm32f10x_cec.o ABSOLUTE
    Src\StdPeriph_Driver\src\stm32f10x_crc.c 0x00000000   Number         0  stm32f10x_crc.o ABSOLUTE
    Src\StdPeriph_Driver\src\stm32f10x_dac.c 0x00000000   Number         0  stm32f10x_dac.o ABSOLUTE
    Src\StdPeriph_Driver\src\stm32f10x_dbgmcu.c 0x00000000   Number         0  stm32f10x_dbgmcu.o ABSOLUTE
    Src\StdPeriph_Driver\src\stm32f10x_dma.c 0x00000000   Number         0  stm32f10x_dma.o ABSOLUTE
    Src\StdPeriph_Driver\src\stm32f10x_exti.c 0x00000000   Number         0  stm32f10x_exti.o ABSOLUTE
    Src\StdPeriph_Driver\src\stm32f10x_flash.c 0x00000000   Number         0  stm32f10x_flash.o ABSOLUTE
    Src\StdPeriph_Driver\src\stm32f10x_fsmc.c 0x00000000   Number         0  stm32f10x_fsmc.o ABSOLUTE
    Src\StdPeriph_Driver\src\stm32f10x_gpio.c 0x00000000   Number         0  stm32f10x_gpio.o ABSOLUTE
    Src\StdPeriph_Driver\src\stm32f10x_i2c.c 0x00000000   Number         0  stm32f10x_i2c.o ABSOLUTE
    Src\StdPeriph_Driver\src\stm32f10x_iwdg.c 0x00000000   Number         0  stm32f10x_iwdg.o ABSOLUTE
    Src\StdPeriph_Driver\src\stm32f10x_pwr.c 0x00000000   Number         0  stm32f10x_pwr.o ABSOLUTE
    Src\StdPeriph_Driver\src\stm32f10x_rcc.c 0x00000000   Number         0  stm32f10x_rcc.o ABSOLUTE
    Src\StdPeriph_Driver\src\stm32f10x_rtc.c 0x00000000   Number         0  stm32f10x_rtc.o ABSOLUTE
    Src\StdPeriph_Driver\src\stm32f10x_sdio.c 0x00000000   Number         0  stm32f10x_sdio.o ABSOLUTE
    Src\StdPeriph_Driver\src\stm32f10x_spi.c 0x00000000   Number         0  stm32f10x_spi.o ABSOLUTE
    Src\StdPeriph_Driver\src\stm32f10x_tim.c 0x00000000   Number         0  stm32f10x_tim.o ABSOLUTE
    Src\StdPeriph_Driver\src\stm32f10x_usart.c 0x00000000   Number         0  stm32f10x_usart.o ABSOLUTE
    Src\StdPeriph_Driver\src\stm32f10x_wwdg.c 0x00000000   Number         0  stm32f10x_wwdg.o ABSOLUTE
    Src\StdPeriph_Driver\stm32f10x_it.c      0x00000000   Number         0  stm32f10x_it.o ABSOLUTE
    Src\StdPeriph_Driver\system_stm32f10x.c  0x00000000   Number         0  system_stm32f10x.o ABSOLUTE
    Src\\CM3_SYS\\core_cm3.c                 0x00000000   Number         0  core_cm3.o ABSOLUTE
    cdcmple.s                                0x00000000   Number         0  cdcmple.o ABSOLUTE
    cdrcmple.s                               0x00000000   Number         0  cdrcmple.o ABSOLUTE
    dc.s                                     0x00000000   Number         0  dc.o ABSOLUTE
    handlers.s                               0x00000000   Number         0  handlers.o ABSOLUTE
    init.s                                   0x00000000   Number         0  init.o ABSOLUTE
    RESET                                    0x08000000   Section      304  startup_stm32f10x_hd.o(RESET)
    .ARM.Collect$$$$00000000                 0x08000130   Section        0  entry.o(.ARM.Collect$$$$00000000)
    .ARM.Collect$$$$00000001                 0x08000130   Section        4  entry2.o(.ARM.Collect$$$$00000001)
    .ARM.Collect$$$$00000004                 0x08000134   Section        4  entry5.o(.ARM.Collect$$$$00000004)
    .ARM.Collect$$$$00000008                 0x08000138   Section        0  entry7b.o(.ARM.Collect$$$$00000008)
    .ARM.Collect$$$$0000000A                 0x08000138   Section        0  entry8b.o(.ARM.Collect$$$$0000000A)
    .ARM.Collect$$$$0000000B                 0x08000138   Section        8  entry9a.o(.ARM.Collect$$$$0000000B)
    .ARM.Collect$$$$0000000D                 0x08000140   Section        0  entry10a.o(.ARM.Collect$$$$0000000D)
    .ARM.Collect$$$$0000000F                 0x08000140   Section        0  entry11a.o(.ARM.Collect$$$$0000000F)
    .ARM.Collect$$$$00002712                 0x08000140   Section        4  entry2.o(.ARM.Collect$$$$00002712)
    __lit__00000000                          0x08000140   Data           4  entry2.o(.ARM.Collect$$$$00002712)
    .text                                    0x08000144   Section     4576  cr4_fft_1024_stm32.o(.text)
    .text                                    0x08001324   Section       36  startup_stm32f10x_hd.o(.text)
    .text                                    0x08001348   Section        0  fmul.o(.text)
    .text                                    0x080013ac   Section        0  dmul.o(.text)
    .text                                    0x08001490   Section        0  fflti.o(.text)
    .text                                    0x080014a2   Section        0  ffltui.o(.text)
    .text                                    0x080014ac   Section        0  dfltui.o(.text)
    .text                                    0x080014c6   Section        0  ffixui.o(.text)
    .text                                    0x080014ee   Section        0  dfixui.o(.text)
    .text                                    0x08001520   Section        0  uidiv.o(.text)
    .text                                    0x0800154c   Section        0  uldiv.o(.text)
    .text                                    0x080015ae   Section        0  llushr.o(.text)
    .text                                    0x080015ce   Section        0  iusefp.o(.text)
    .text                                    0x080015ce   Section        0  fepilogue.o(.text)
    .text                                    0x0800163c   Section        0  fsqrt.o(.text)
    .text                                    0x0800169a   Section        0  depilogue.o(.text)
    .text                                    0x08001754   Section        0  dadd.o(.text)
    .text                                    0x080018a2   Section        0  ddiv.o(.text)
    .text                                    0x08001980   Section        0  dscalb.o(.text)
    .text                                    0x080019ae   Section        0  dflti.o(.text)
    .text                                    0x080019d0   Section        0  dfixul.o(.text)
    .text                                    0x08001a00   Section       48  cdcmple.o(.text)
    .text                                    0x08001a30   Section       48  cdrcmple.o(.text)
    .text                                    0x08001a60   Section       36  init.o(.text)
    .text                                    0x08001a84   Section        0  llshl.o(.text)
    .text                                    0x08001aa2   Section        0  llsshr.o(.text)
    .text                                    0x08001ac6   Section        0  __dczerorl2.o(.text)
    i.ADC1_2_IRQHandler                      0x08001b1c   Section        0  stm32f10x_it.o(i.ADC1_2_IRQHandler)
    i.ADC3_IRQHandler                        0x08001b1e   Section        0  stm32f10x_it.o(i.ADC3_IRQHandler)
    i.ADC_Cmd                                0x08001b20   Section        0  stm32f10x_adc.o(i.ADC_Cmd)
    i.ADC_DMACmd                             0x08001b36   Section        0  stm32f10x_adc.o(i.ADC_DMACmd)
    i.ADC_DMA_Init                           0x08001b4c   Section        0  adc.o(i.ADC_DMA_Init)
    i.ADC_GetCalibrationStatus               0x08001ca0   Section        0  stm32f10x_adc.o(i.ADC_GetCalibrationStatus)
    i.ADC_GetResetCalibrationStatus          0x08001cb4   Section        0  stm32f10x_adc.o(i.ADC_GetResetCalibrationStatus)
    i.ADC_Init                               0x08001cc8   Section        0  stm32f10x_adc.o(i.ADC_Init)
    i.ADC_RegularChannelConfig               0x08001d18   Section        0  stm32f10x_adc.o(i.ADC_RegularChannelConfig)
    i.ADC_ResetCalibration                   0x08001dd0   Section        0  stm32f10x_adc.o(i.ADC_ResetCalibration)
    i.ADC_SoftwareStartConvCmd               0x08001dda   Section        0  stm32f10x_adc.o(i.ADC_SoftwareStartConvCmd)
    i.ADC_StartCalibration                   0x08001df0   Section        0  stm32f10x_adc.o(i.ADC_StartCalibration)
    i.BSP_CPU_ClkFreq                        0x08001dfa   Section        0  bsp.o(i.BSP_CPU_ClkFreq)
    i.BSP_Init                               0x08001e0c   Section        0  bsp.o(i.BSP_Init)
    i.DMA1_Channel1_IRQHandler               0x08001e3c   Section        0  stm32f10x_it.o(i.DMA1_Channel1_IRQHandler)
    i.DMA1_Channel2_IRQHandler               0x08001e3e   Section        0  stm32f10x_it.o(i.DMA1_Channel2_IRQHandler)
    i.DMA1_Channel3_IRQHandler               0x08001e40   Section        0  stm32f10x_it.o(i.DMA1_Channel3_IRQHandler)
    i.DMA1_Channel4_IRQHandler               0x08001e42   Section        0  stm32f10x_it.o(i.DMA1_Channel4_IRQHandler)
    i.DMA1_Channel5_IRQHandler               0x08001e44   Section        0  stm32f10x_it.o(i.DMA1_Channel5_IRQHandler)
    i.DMA1_Channel6_IRQHandler               0x08001e46   Section        0  stm32f10x_it.o(i.DMA1_Channel6_IRQHandler)
    i.DMA1_Channel7_IRQHandler               0x08001e48   Section        0  stm32f10x_it.o(i.DMA1_Channel7_IRQHandler)
    i.DMA2_Channel1_IRQHandler               0x08001e4a   Section        0  stm32f10x_it.o(i.DMA2_Channel1_IRQHandler)
    i.DMA2_Channel2_IRQHandler               0x08001e4c   Section        0  stm32f10x_it.o(i.DMA2_Channel2_IRQHandler)
    i.DMA2_Channel3_IRQHandler               0x08001e4e   Section        0  stm32f10x_it.o(i.DMA2_Channel3_IRQHandler)
    i.DMA2_Channel4_5_IRQHandler             0x08001e50   Section        0  stm32f10x_it.o(i.DMA2_Channel4_5_IRQHandler)
    i.DMA_ClearFlag                          0x08001e54   Section        0  stm32f10x_dma.o(i.DMA_ClearFlag)
    i.DMA_Cmd                                0x08001e70   Section        0  stm32f10x_dma.o(i.DMA_Cmd)
    i.DMA_DeInit                             0x08001e88   Section        0  stm32f10x_dma.o(i.DMA_DeInit)
    i.DMA_GetFlagStatus                      0x08001fd4   Section        0  stm32f10x_dma.o(i.DMA_GetFlagStatus)
    i.DMA_Init                               0x08002000   Section        0  stm32f10x_dma.o(i.DMA_Init)
    i.EXTI0_IRQHandler                       0x0800203c   Section        0  stm32f10x_it.o(i.EXTI0_IRQHandler)
    i.EXTI15_10_IRQHandler                   0x0800203e   Section        0  stm32f10x_it.o(i.EXTI15_10_IRQHandler)
    i.EXTI1_IRQHandler                       0x08002040   Section        0  stm32f10x_it.o(i.EXTI1_IRQHandler)
    i.EXTI2_IRQHandler                       0x08002042   Section        0  stm32f10x_it.o(i.EXTI2_IRQHandler)
    i.EXTI3_IRQHandler                       0x08002044   Section        0  stm32f10x_it.o(i.EXTI3_IRQHandler)
    i.EXTI4_IRQHandler                       0x08002046   Section        0  stm32f10x_it.o(i.EXTI4_IRQHandler)
    i.EXTI9_5_IRQHandler                     0x08002048   Section        0  stm32f10x_it.o(i.EXTI9_5_IRQHandler)
    i.FLASH_ClearFlag                        0x0800204c   Section        0  stm32f10x_flash.o(i.FLASH_ClearFlag)
    i.FLASH_ErasePage                        0x08002058   Section        0  stm32f10x_flash.o(i.FLASH_ErasePage)
    i.FLASH_GetBank1Status                   0x080020a8   Section        0  stm32f10x_flash.o(i.FLASH_GetBank1Status)
    i.FLASH_IRQHandler                       0x080020dc   Section        0  stm32f10x_it.o(i.FLASH_IRQHandler)
    i.FLASH_LockBank1                        0x080020e0   Section        0  stm32f10x_flash.o(i.FLASH_LockBank1)
    i.FLASH_ProgramHalfWord                  0x080020f4   Section        0  stm32f10x_flash.o(i.FLASH_ProgramHalfWord)
    i.FLASH_UnlockBank1                      0x08002138   Section        0  stm32f10x_flash.o(i.FLASH_UnlockBank1)
    i.FLASH_WaitForLastOperation             0x08002150   Section        0  stm32f10x_flash.o(i.FLASH_WaitForLastOperation)
    i.FSMC_IRQHandler                        0x08002176   Section        0  stm32f10x_it.o(i.FSMC_IRQHandler)
    i.FSMC_LCD_Init                          0x08002178   Section        0  tftlcd.o(i.FSMC_LCD_Init)
    i.FSMC_NORSRAMCmd                        0x08002240   Section        0  stm32f10x_fsmc.o(i.FSMC_NORSRAMCmd)
    i.FSMC_NORSRAMInit                       0x08002274   Section        0  stm32f10x_fsmc.o(i.FSMC_NORSRAMInit)
    i.GPIO_Configuration                     0x08002358   Section        0  bsp.o(i.GPIO_Configuration)
    i.GPIO_Init                              0x080023a8   Section        0  stm32f10x_gpio.o(i.GPIO_Init)
    i.GPIO_ReadInputDataBit                  0x080024be   Section        0  stm32f10x_gpio.o(i.GPIO_ReadInputDataBit)
    i.GPIO_ResetBits                         0x080024d0   Section        0  stm32f10x_gpio.o(i.GPIO_ResetBits)
    i.GPIO_WriteBit                          0x080024d4   Section        0  stm32f10x_gpio.o(i.GPIO_WriteBit)
    i.GUI_ClrArea                            0x080024de   Section        0  gui.o(i.GUI_ClrArea)
    i.GUI_DispStr                            0x080024f4   Section        0  gui.o(i.GUI_DispStr)
    i.GUI_HideArea                           0x080025b8   Section        0  gui.o(i.GUI_HideArea)
    i.GUI_printf                             0x080025d4   Section        0  gui.o(i.GUI_printf)
    i.I2C1_ER_IRQHandler                     0x08002600   Section        0  stm32f10x_it.o(i.I2C1_ER_IRQHandler)
    i.I2C1_EV_IRQHandler                     0x08002602   Section        0  stm32f10x_it.o(i.I2C1_EV_IRQHandler)
    i.I2C2_ER_IRQHandler                     0x08002604   Section        0  stm32f10x_it.o(i.I2C2_ER_IRQHandler)
    i.I2C2_EV_IRQHandler                     0x08002606   Section        0  stm32f10x_it.o(i.I2C2_EV_IRQHandler)
    i.LCD_DrawPoint                          0x08002608   Section        0  tftlcd.o(i.LCD_DrawPoint)
    i.LCD_Fill                               0x08002650   Section        0  tftlcd.o(i.LCD_Fill)
    i.LCD_Init                               0x080026ec   Section        0  tftlcd.o(i.LCD_Init)
    i.LCD_Set_Address                        0x080029f0   Section        0  tftlcd.o(i.LCD_Set_Address)
    i.LCD_Set_Coord                          0x08002a0c   Section        0  tftlcd.o(i.LCD_Set_Coord)
    i.LCD_Set_Disp_Window                    0x08002a3c   Section        0  tftlcd.o(i.LCD_Set_Disp_Window)
    i.LCD_ShowCN                             0x08002a70   Section        0  tftlcd.o(i.LCD_ShowCN)
    i.LCD_ShowChar                           0x08002ad4   Section        0  tftlcd.o(i.LCD_ShowChar)
    i.PVD_IRQHandler                         0x08002b4c   Section        0  stm32f10x_it.o(i.PVD_IRQHandler)
    i.RCC_ADCCLKConfig                       0x08002b50   Section        0  stm32f10x_rcc.o(i.RCC_ADCCLKConfig)
    i.RCC_AHBPeriphClockCmd                  0x08002b68   Section        0  stm32f10x_rcc.o(i.RCC_AHBPeriphClockCmd)
    i.RCC_APB1PeriphClockCmd                 0x08002b88   Section        0  stm32f10x_rcc.o(i.RCC_APB1PeriphClockCmd)
    i.RCC_APB2PeriphClockCmd                 0x08002ba8   Section        0  stm32f10x_rcc.o(i.RCC_APB2PeriphClockCmd)
    i.RCC_Configuration                      0x08002bc8   Section        0  bsp.o(i.RCC_Configuration)
    i.RCC_GetClocksFreq                      0x08002be0   Section        0  stm32f10x_rcc.o(i.RCC_GetClocksFreq)
    i.RCC_IRQHandler                         0x08002cb4   Section        0  stm32f10x_it.o(i.RCC_IRQHandler)
    i.RTCAlarm_IRQHandler                    0x08002cb6   Section        0  stm32f10x_it.o(i.RTCAlarm_IRQHandler)
    i.RTC_IRQHandler                         0x08002cb8   Section        0  stm32f10x_it.o(i.RTC_IRQHandler)
    i.SDIO_IRQHandler                        0x08002cba   Section        0  stm32f10x_it.o(i.SDIO_IRQHandler)
    i.SPI1_IRQHandler                        0x08002cbc   Section        0  stm32f10x_it.o(i.SPI1_IRQHandler)
    i.SPI2_IRQHandler                        0x08002cbe   Section        0  stm32f10x_it.o(i.SPI2_IRQHandler)
    i.SPI3_IRQHandler                        0x08002cc0   Section        0  stm32f10x_it.o(i.SPI3_IRQHandler)
    i.SPI_Cmd                                0x08002cc2   Section        0  stm32f10x_spi.o(i.SPI_Cmd)
    i.SPI_Exchange_Data                      0x08002cda   Section        0  spi.o(i.SPI_Exchange_Data)
    i.SPI_I2S_GetFlagStatus                  0x08002d0e   Section        0  stm32f10x_spi.o(i.SPI_I2S_GetFlagStatus)
    i.SPI_I2S_ReceiveData                    0x08002d20   Section        0  stm32f10x_spi.o(i.SPI_I2S_ReceiveData)
    i.SPI_I2S_SendData                       0x08002d26   Section        0  stm32f10x_spi.o(i.SPI_I2S_SendData)
    i.SPI_Init                               0x08002d2a   Section        0  stm32f10x_spi.o(i.SPI_Init)
    i.SetSysClock                            0x08002d66   Section        0  system_stm32f10x.o(i.SetSysClock)
    SetSysClock                              0x08002d67   Thumb Code     8  system_stm32f10x.o(i.SetSysClock)
    i.SetSysClockTo72                        0x08002d70   Section        0  system_stm32f10x.o(i.SetSysClockTo72)
    SetSysClockTo72                          0x08002d71   Thumb Code   214  system_stm32f10x.o(i.SetSysClockTo72)
    i.SystemInit                             0x08002e50   Section        0  system_stm32f10x.o(i.SystemInit)
    i.TAMPER_IRQHandler                      0x08002ea4   Section        0  stm32f10x_it.o(i.TAMPER_IRQHandler)
    i.TIM1_BRK_IRQHandler                    0x08002ea6   Section        0  stm32f10x_it.o(i.TIM1_BRK_IRQHandler)
    i.TIM1_CC_IRQHandler                     0x08002ea8   Section        0  stm32f10x_it.o(i.TIM1_CC_IRQHandler)
    i.TIM1_TRG_COM_IRQHandler                0x08002eaa   Section        0  stm32f10x_it.o(i.TIM1_TRG_COM_IRQHandler)
    i.TIM1_UP_IRQHandler                     0x08002eac   Section        0  stm32f10x_it.o(i.TIM1_UP_IRQHandler)
    i.TIM2_IRQHandler                        0x08002eae   Section        0  stm32f10x_it.o(i.TIM2_IRQHandler)
    i.TIM3_IRQHandler                        0x08002eb0   Section        0  stm32f10x_it.o(i.TIM3_IRQHandler)
    i.TIM4_IRQHandler                        0x08002eb2   Section        0  stm32f10x_it.o(i.TIM4_IRQHandler)
    i.TIM5_IRQHandler                        0x08002eb4   Section        0  stm32f10x_it.o(i.TIM5_IRQHandler)
    i.TIM6_IRQHandler                        0x08002eb6   Section        0  stm32f10x_it.o(i.TIM6_IRQHandler)
    i.TIM7_IRQHandler                        0x08002eb8   Section        0  stm32f10x_it.o(i.TIM7_IRQHandler)
    i.TIM8_BRK_IRQHandler                    0x08002eba   Section        0  stm32f10x_it.o(i.TIM8_BRK_IRQHandler)
    i.TIM8_CC_IRQHandler                     0x08002ebc   Section        0  stm32f10x_it.o(i.TIM8_CC_IRQHandler)
    i.TIM8_TRG_COM_IRQHandler                0x08002ebe   Section        0  stm32f10x_it.o(i.TIM8_TRG_COM_IRQHandler)
    i.TIM8_UP_IRQHandler                     0x08002ec0   Section        0  stm32f10x_it.o(i.TIM8_UP_IRQHandler)
    i.TIM_Cmd                                0x08002ec2   Section        0  stm32f10x_tim.o(i.TIM_Cmd)
    i.TIM_CtrlPWMOutputs                     0x08002eda   Section        0  stm32f10x_tim.o(i.TIM_CtrlPWMOutputs)
    i.TIM_OC1Init                            0x08002ef8   Section        0  stm32f10x_tim.o(i.TIM_OC1Init)
    i.TIM_TimeBaseInit                       0x08002f90   Section        0  stm32f10x_tim.o(i.TIM_TimeBaseInit)
    i.TIM_TimeBaseStructInit                 0x08003034   Section        0  stm32f10x_tim.o(i.TIM_TimeBaseStructInit)
    i.UART4_IRQHandler                       0x08003046   Section        0  stm32f10x_it.o(i.UART4_IRQHandler)
    i.UART5_IRQHandler                       0x08003048   Section        0  stm32f10x_it.o(i.UART5_IRQHandler)
    i.USART1_IRQHandler                      0x0800304a   Section        0  stm32f10x_it.o(i.USART1_IRQHandler)
    i.USART1_configuration                   0x0800304c   Section        0  usart.o(i.USART1_configuration)
    i.USART1_printf                          0x080030d4   Section        0  usart.o(i.USART1_printf)
    i.USART1_printf_line                     0x08003104   Section        0  usart.o(i.USART1_printf_line)
    i.USART2_IRQHandler                      0x08003140   Section        0  stm32f10x_it.o(i.USART2_IRQHandler)
    i.USART3_IRQHandler                      0x08003142   Section        0  stm32f10x_it.o(i.USART3_IRQHandler)
    i.USART_Cmd                              0x08003144   Section        0  stm32f10x_usart.o(i.USART_Cmd)
    i.USART_DMACmd                           0x0800315c   Section        0  stm32f10x_usart.o(i.USART_DMACmd)
    i.USART_ITConfig                         0x0800316e   Section        0  stm32f10x_usart.o(i.USART_ITConfig)
    i.USART_Init                             0x080031b8   Section        0  stm32f10x_usart.o(i.USART_Init)
    i.USART_SendData                         0x08003290   Section        0  stm32f10x_usart.o(i.USART_SendData)
    i.USART_SendStr                          0x080032ac   Section        0  usart.o(i.USART_SendStr)
    i.USBWakeUp_IRQHandler                   0x080032ca   Section        0  stm32f10x_it.o(i.USBWakeUp_IRQHandler)
    i.VAD                                    0x080032cc   Section        0  vad.o(i.VAD)
    i.WWDG_IRQHandler                        0x08003492   Section        0  stm32f10x_it.o(i.WWDG_IRQHandler)
    i.__0vsnprintf                           0x08003494   Section        0  printfa.o(i.__0vsnprintf)
    i.__kernel_poly                          0x080034c0   Section        0  poly.o(i.__kernel_poly)
    i.__mathlib_dbl_divzero                  0x0800356c   Section        0  dunder.o(i.__mathlib_dbl_divzero)
    i.__mathlib_dbl_infnan                   0x0800357c   Section        0  dunder.o(i.__mathlib_dbl_infnan)
    i.__mathlib_dbl_invalid                  0x08003582   Section        0  dunder.o(i.__mathlib_dbl_invalid)
    i.__scatterload_copy                     0x0800358e   Section       14  handlers.o(i.__scatterload_copy)
    i.__scatterload_null                     0x0800359c   Section        2  handlers.o(i.__scatterload_null)
    i.__scatterload_zeroinit                 0x0800359e   Section       14  handlers.o(i.__scatterload_zeroinit)
    i.__set_errno                            0x080035ac   Section        0  errno.o(i.__set_errno)
    i._fp_digits                             0x080035b8   Section        0  printfa.o(i._fp_digits)
    _fp_digits                               0x080035b9   Thumb Code   366  printfa.o(i._fp_digits)
    i._printf_core                           0x0800373c   Section        0  printfa.o(i._printf_core)
    _printf_core                             0x0800373d   Thumb Code  1744  printfa.o(i._printf_core)
    i._printf_post_padding                   0x08003e18   Section        0  printfa.o(i._printf_post_padding)
    _printf_post_padding                     0x08003e19   Thumb Code    36  printfa.o(i._printf_post_padding)
    i._printf_pre_padding                    0x08003e3c   Section        0  printfa.o(i._printf_pre_padding)
    _printf_pre_padding                      0x08003e3d   Thumb Code    46  printfa.o(i._printf_pre_padding)
    i._snputc                                0x08003e6a   Section        0  printfa.o(i._snputc)
    _snputc                                  0x08003e6b   Thumb Code    22  printfa.o(i._snputc)
    i.delay_ms                               0x08003e80   Section        0  delay.o(i.delay_ms)
    i.delay_us                               0x08003eb8   Section        0  delay.o(i.delay_us)
    i.disp_comm                              0x08003ef0   Section        0  main.o(i.disp_comm)
    i.disp_home                              0x08003f24   Section        0  main.o(i.disp_home)
    i.disp_mdl_prc                           0x08003fd4   Section        0  main.o(i.disp_mdl_prc)
    i.disp_recg                              0x08004030   Section        0  main.o(i.disp_recg)
    i.dtw                                    0x08004098   Section        0  dtw.o(i.dtw)
    i.dtw_limit                              0x080041ec   Section        0  dtw.o(i.dtw_limit)
    i.fft                                    0x08004268   Section        0  mfcc.o(i.fft)
    i.getGB2312Font24Dot                     0x0800430c   Section        0  spiflash.o(i.getGB2312Font24Dot)
    i.get_dis                                0x0800433c   Section        0  dtw.o(i.get_dis)
    i.get_mfcc                               0x0800437c   Section        0  mfcc.o(i.get_mfcc)
    i.log                                    0x080045f4   Section        0  log.o(i.log)
    i.main                                   0x08004950   Section        0  main.o(i.main)
    i.noise_atap                             0x080049d4   Section        0  vad.o(i.noise_atap)
    i.prc                                    0x08004a94   Section        0  main.o(i.prc)
    i.recg                                   0x08004c9c   Section        0  main.o(i.recg)
    i.record                                 0x08004dc8   Section        0  main.o(i.record)
    i.save_ftr_mdl                           0x08004e34   Section        0  flash.o(i.save_ftr_mdl)
    i.save_mdl                               0x08004f34   Section        0  main.o(i.save_mdl)
    i.set_comm_backclor                      0x08004f88   Section        0  main.o(i.set_comm_backclor)
    i.set_label_backclor                     0x08004fa8   Section        0  main.o(i.set_label_backclor)
    i.spch_recg                              0x08004fb8   Section        0  main.o(i.spch_recg)
    i.spiFlashExchangeData                   0x080050a0   Section        0  spiflash.o(i.spiFlashExchangeData)
    i.spiFlashInit                           0x080050b4   Section        0  spiflash.o(i.spiFlashInit)
    i.spiFlashRead                           0x08005154   Section        0  spiflash.o(i.spiFlashRead)
    i.spiFlashSelect                         0x080051a4   Section        0  spiflash.o(i.spiFlashSelect)
    i.spiFlashWaitBusy                       0x080051c4   Section        0  spiflash.o(i.spiFlashWaitBusy)
    i.sqrtf                                  0x080051e8   Section        0  sqrtf.o(i.sqrtf)
    i.touchPanelInit                         0x08005214   Section        0  touch_panel.o(i.touchPanelInit)
    i.touch_area                             0x080052d4   Section        0  gui.o(i.touch_area)
    i.touch_panel_read                       0x08005318   Section        0  touch_panel.o(i.touch_panel_read)
    i.wait_touch                             0x080054f0   Section        0  gui.o(i.wait_touch)
    .constdata                               0x08005570   Section     2704  mfcc.o(.constdata)
    .constdata                               0x08006000   Section       56  log.o(.constdata)
    Lg2                                      0x08006000   Data          24  log.o(.constdata)
    Lg                                       0x08006018   Data          32  log.o(.constdata)
    .constdata                               0x08006038   Section        8  qnan.o(.constdata)
    .data                                    0x20000000   Section       54  main.o(.data)
    .data                                    0x20000036   Section        8  dtw.o(.data)
    X1                                       0x20000036   Data           2  dtw.o(.data)
    X2                                       0x20000038   Data           2  dtw.o(.data)
    in_frm_num                               0x2000003a   Data           2  dtw.o(.data)
    mdl_frm_num                              0x2000003c   Data           2  dtw.o(.data)
    .data                                    0x2000003e   Section      388  gui.o(.data)
    .data                                    0x200001c2   Section        1  tftlcd.o(.data)
    .data                                    0x200001c3   Section       20  stm32f10x_rcc.o(.data)
    APBAHBPrescTable                         0x200001c3   Data          16  stm32f10x_rcc.o(.data)
    ADCPrescTable                            0x200001d3   Data           4  stm32f10x_rcc.o(.data)
    .data                                    0x200001d8   Section        4  errno.o(.data)
    _errno                                   0x200001d8   Data           4  errno.o(.data)
    .bss                                     0x200001dc   Section    34896  main.o(.bss)
    .bss                                     0x20008a2c   Section     8192  mfcc.o(.bss)
    .bss                                     0x2000aa2c   Section      256  usart.o(.bss)
    .bss                                     0x2000ab2c   Section       72  spiflash.o(.bss)
    STACK                                    0x2000ab78   Section     2048  startup_stm32f10x_hd.o(STACK)

    Global Symbols

    Symbol Name                              Value     Ov Type        Size  Object(Section)

    BuildAttributes$$THM_ISAv4$P$D$K$B$S$PE$A:L22UL41UL21$X:L11$S22US41US21$IEEE1$IW$USESV6$~STKCKD$USESV7$~SHL$OTIME$ROPI$IEEEX$EBA8$MICROLIB$REQ8$PRES8$EABIv2 0x00000000   Number         0  anon$$obj.o ABSOLUTE
    __ARM_use_no_argv                        0x00000000   Number         0  main.o ABSOLUTE
    __cpp_initialize__aeabi_                  - Undefined Weak Reference
    __cxa_finalize                            - Undefined Weak Reference
    _clock_init                               - Undefined Weak Reference
    _microlib_exit                            - Undefined Weak Reference
    __Vectors_Size                           0x00000130   Number         0  startup_stm32f10x_hd.o ABSOLUTE
    __Vectors                                0x08000000   Data           4  startup_stm32f10x_hd.o(RESET)
    __Vectors_End                            0x08000130   Data           0  startup_stm32f10x_hd.o(RESET)
    __main                                   0x08000131   Thumb Code     0  entry.o(.ARM.Collect$$$$00000000)
    _main_stk                                0x08000131   Thumb Code     0  entry2.o(.ARM.Collect$$$$00000001)
    _main_scatterload                        0x08000135   Thumb Code     0  entry5.o(.ARM.Collect$$$$00000004)
    __main_after_scatterload                 0x08000139   Thumb Code     0  entry5.o(.ARM.Collect$$$$00000004)
    _main_clock                              0x08000139   Thumb Code     0  entry7b.o(.ARM.Collect$$$$00000008)
    _main_cpp_init                           0x08000139   Thumb Code     0  entry8b.o(.ARM.Collect$$$$0000000A)
    _main_init                               0x08000139   Thumb Code     0  entry9a.o(.ARM.Collect$$$$0000000B)
    __rt_final_cpp                           0x08000141   Thumb Code     0  entry10a.o(.ARM.Collect$$$$0000000D)
    __rt_final_exit                          0x08000141   Thumb Code     0  entry11a.o(.ARM.Collect$$$$0000000F)
    cr4_fft_1024_stm32                       0x08000145   Thumb Code     0  cr4_fft_1024_stm32.o(.text)
    Reset_Handler                            0x08001325   Thumb Code     8  startup_stm32f10x_hd.o(.text)
    NMI_Handler                              0x0800132d   Thumb Code     2  startup_stm32f10x_hd.o(.text)
    HardFault_Handler                        0x0800132f   Thumb Code     2  startup_stm32f10x_hd.o(.text)
    MemManage_Handler                        0x08001331   Thumb Code     2  startup_stm32f10x_hd.o(.text)
    BusFault_Handler                         0x08001333   Thumb Code     2  startup_stm32f10x_hd.o(.text)
    UsageFault_Handler                       0x08001335   Thumb Code     2  startup_stm32f10x_hd.o(.text)
    SVC_Handler                              0x08001337   Thumb Code     2  startup_stm32f10x_hd.o(.text)
    DebugMon_Handler                         0x08001339   Thumb Code     2  startup_stm32f10x_hd.o(.text)
    OS_CPU_PendSVHandler                     0x0800133b   Thumb Code     2  startup_stm32f10x_hd.o(.text)
    OS_CPU_SysTickHandler                    0x0800133d   Thumb Code     2  startup_stm32f10x_hd.o(.text)
    CAN1_RX1_IRQHandler                      0x0800133f   Thumb Code     0  startup_stm32f10x_hd.o(.text)
    CAN1_SCE_IRQHandler                      0x0800133f   Thumb Code     0  startup_stm32f10x_hd.o(.text)
    USB_HP_CAN1_TX_IRQHandler                0x0800133f   Thumb Code     0  startup_stm32f10x_hd.o(.text)
    USB_LP_CAN1_RX0_IRQHandler               0x0800133f   Thumb Code     0  startup_stm32f10x_hd.o(.text)
    __aeabi_fmul                             0x08001349   Thumb Code   100  fmul.o(.text)
    __aeabi_dmul                             0x080013ad   Thumb Code   228  dmul.o(.text)
    __aeabi_i2f                              0x08001491   Thumb Code    18  fflti.o(.text)
    __aeabi_ui2f                             0x080014a3   Thumb Code    10  ffltui.o(.text)
    __aeabi_ui2d                             0x080014ad   Thumb Code    26  dfltui.o(.text)
    __aeabi_f2uiz                            0x080014c7   Thumb Code    40  ffixui.o(.text)
    __aeabi_d2uiz                            0x080014ef   Thumb Code    50  dfixui.o(.text)
    __aeabi_uidiv                            0x08001521   Thumb Code     0  uidiv.o(.text)
    __aeabi_uidivmod                         0x08001521   Thumb Code    44  uidiv.o(.text)
    __aeabi_uldivmod                         0x0800154d   Thumb Code    98  uldiv.o(.text)
    __aeabi_llsr                             0x080015af   Thumb Code    32  llushr.o(.text)
    _ll_ushift_r                             0x080015af   Thumb Code     0  llushr.o(.text)
    __I$use$fp                               0x080015cf   Thumb Code     0  iusefp.o(.text)
    _float_round                             0x080015cf   Thumb Code    18  fepilogue.o(.text)
    _float_epilogue                          0x080015e1   Thumb Code    92  fepilogue.o(.text)
    _fsqrt                                   0x0800163d   Thumb Code    94  fsqrt.o(.text)
    _double_round                            0x0800169b   Thumb Code    30  depilogue.o(.text)
    _double_epilogue                         0x080016b9   Thumb Code   156  depilogue.o(.text)
    __aeabi_dadd                             0x08001755   Thumb Code   322  dadd.o(.text)
    __aeabi_dsub                             0x08001897   Thumb Code     6  dadd.o(.text)
    __aeabi_drsub                            0x0800189d   Thumb Code     6  dadd.o(.text)
    __aeabi_ddiv                             0x080018a3   Thumb Code   222  ddiv.o(.text)
    __ARM_scalbn                             0x08001981   Thumb Code    46  dscalb.o(.text)
    scalbn                                   0x08001981   Thumb Code     0  dscalb.o(.text)
    __aeabi_i2d                              0x080019af   Thumb Code    34  dflti.o(.text)
    __aeabi_d2ulz                            0x080019d1   Thumb Code    48  dfixul.o(.text)
    __aeabi_cdcmpeq                          0x08001a01   Thumb Code     0  cdcmple.o(.text)
    __aeabi_cdcmple                          0x08001a01   Thumb Code    48  cdcmple.o(.text)
    __aeabi_cdrcmple                         0x08001a31   Thumb Code    48  cdrcmple.o(.text)
    __scatterload                            0x08001a61   Thumb Code    28  init.o(.text)
    __scatterload_rt2                        0x08001a61   Thumb Code     0  init.o(.text)
    __aeabi_llsl                             0x08001a85   Thumb Code    30  llshl.o(.text)
    _ll_shift_l                              0x08001a85   Thumb Code     0  llshl.o(.text)
    __aeabi_lasr                             0x08001aa3   Thumb Code    36  llsshr.o(.text)
    _ll_sshift_r                             0x08001aa3   Thumb Code     0  llsshr.o(.text)
    __decompress                             0x08001ac7   Thumb Code     0  __dczerorl2.o(.text)
    __decompress1                            0x08001ac7   Thumb Code    86  __dczerorl2.o(.text)
    ADC1_2_IRQHandler                        0x08001b1d   Thumb Code     2  stm32f10x_it.o(i.ADC1_2_IRQHandler)
    ADC3_IRQHandler                          0x08001b1f   Thumb Code     2  stm32f10x_it.o(i.ADC3_IRQHandler)
    ADC_Cmd                                  0x08001b21   Thumb Code    22  stm32f10x_adc.o(i.ADC_Cmd)
    ADC_DMACmd                               0x08001b37   Thumb Code    22  stm32f10x_adc.o(i.ADC_DMACmd)
    ADC_DMA_Init                             0x08001b4d   Thumb Code   318  adc.o(i.ADC_DMA_Init)
    ADC_GetCalibrationStatus                 0x08001ca1   Thumb Code    20  stm32f10x_adc.o(i.ADC_GetCalibrationStatus)
    ADC_GetResetCalibrationStatus            0x08001cb5   Thumb Code    20  stm32f10x_adc.o(i.ADC_GetResetCalibrationStatus)
    ADC_Init                                 0x08001cc9   Thumb Code    70  stm32f10x_adc.o(i.ADC_Init)
    ADC_RegularChannelConfig                 0x08001d19   Thumb Code   184  stm32f10x_adc.o(i.ADC_RegularChannelConfig)
    ADC_ResetCalibration                     0x08001dd1   Thumb Code    10  stm32f10x_adc.o(i.ADC_ResetCalibration)
    ADC_SoftwareStartConvCmd                 0x08001ddb   Thumb Code    22  stm32f10x_adc.o(i.ADC_SoftwareStartConvCmd)
    ADC_StartCalibration                     0x08001df1   Thumb Code    10  stm32f10x_adc.o(i.ADC_StartCalibration)
    BSP_CPU_ClkFreq                          0x08001dfb   Thumb Code    16  bsp.o(i.BSP_CPU_ClkFreq)
    BSP_Init                                 0x08001e0d   Thumb Code    38  bsp.o(i.BSP_Init)
    DMA1_Channel1_IRQHandler                 0x08001e3d   Thumb Code     2  stm32f10x_it.o(i.DMA1_Channel1_IRQHandler)
    DMA1_Channel2_IRQHandler                 0x08001e3f   Thumb Code     2  stm32f10x_it.o(i.DMA1_Channel2_IRQHandler)
    DMA1_Channel3_IRQHandler                 0x08001e41   Thumb Code     2  stm32f10x_it.o(i.DMA1_Channel3_IRQHandler)
    DMA1_Channel4_IRQHandler                 0x08001e43   Thumb Code     2  stm32f10x_it.o(i.DMA1_Channel4_IRQHandler)
    DMA1_Channel5_IRQHandler                 0x08001e45   Thumb Code     2  stm32f10x_it.o(i.DMA1_Channel5_IRQHandler)
    DMA1_Channel6_IRQHandler                 0x08001e47   Thumb Code     2  stm32f10x_it.o(i.DMA1_Channel6_IRQHandler)
    DMA1_Channel7_IRQHandler                 0x08001e49   Thumb Code     2  stm32f10x_it.o(i.DMA1_Channel7_IRQHandler)
    DMA2_Channel1_IRQHandler                 0x08001e4b   Thumb Code     2  stm32f10x_it.o(i.DMA2_Channel1_IRQHandler)
    DMA2_Channel2_IRQHandler                 0x08001e4d   Thumb Code     2  stm32f10x_it.o(i.DMA2_Channel2_IRQHandler)
    DMA2_Channel3_IRQHandler                 0x08001e4f   Thumb Code     2  stm32f10x_it.o(i.DMA2_Channel3_IRQHandler)
    DMA2_Channel4_5_IRQHandler               0x08001e51   Thumb Code     2  stm32f10x_it.o(i.DMA2_Channel4_5_IRQHandler)
    DMA_ClearFlag                            0x08001e55   Thumb Code    18  stm32f10x_dma.o(i.DMA_ClearFlag)
    DMA_Cmd                                  0x08001e71   Thumb Code    22  stm32f10x_dma.o(i.DMA_Cmd)
    DMA_DeInit                               0x08001e89   Thumb Code   322  stm32f10x_dma.o(i.DMA_DeInit)
    DMA_GetFlagStatus                        0x08001fd5   Thumb Code    36  stm32f10x_dma.o(i.DMA_GetFlagStatus)
    DMA_Init                                 0x08002001   Thumb Code    60  stm32f10x_dma.o(i.DMA_Init)
    EXTI0_IRQHandler                         0x0800203d   Thumb Code     2  stm32f10x_it.o(i.EXTI0_IRQHandler)
    EXTI15_10_IRQHandler                     0x0800203f   Thumb Code     2  stm32f10x_it.o(i.EXTI15_10_IRQHandler)
    EXTI1_IRQHandler                         0x08002041   Thumb Code     2  stm32f10x_it.o(i.EXTI1_IRQHandler)
    EXTI2_IRQHandler                         0x08002043   Thumb Code     2  stm32f10x_it.o(i.EXTI2_IRQHandler)
    EXTI3_IRQHandler                         0x08002045   Thumb Code     2  stm32f10x_it.o(i.EXTI3_IRQHandler)
    EXTI4_IRQHandler                         0x08002047   Thumb Code     2  stm32f10x_it.o(i.EXTI4_IRQHandler)
    EXTI9_5_IRQHandler                       0x08002049   Thumb Code     2  stm32f10x_it.o(i.EXTI9_5_IRQHandler)
    FLASH_ClearFlag                          0x0800204d   Thumb Code     6  stm32f10x_flash.o(i.FLASH_ClearFlag)
    FLASH_ErasePage                          0x08002059   Thumb Code    76  stm32f10x_flash.o(i.FLASH_ErasePage)
    FLASH_GetBank1Status                     0x080020a9   Thumb Code    48  stm32f10x_flash.o(i.FLASH_GetBank1Status)
    FLASH_IRQHandler                         0x080020dd   Thumb Code     2  stm32f10x_it.o(i.FLASH_IRQHandler)
    FLASH_LockBank1                          0x080020e1   Thumb Code    14  stm32f10x_flash.o(i.FLASH_LockBank1)
    FLASH_ProgramHalfWord                    0x080020f5   Thumb Code    64  stm32f10x_flash.o(i.FLASH_ProgramHalfWord)
    FLASH_UnlockBank1                        0x08002139   Thumb Code    12  stm32f10x_flash.o(i.FLASH_UnlockBank1)
    FLASH_WaitForLastOperation               0x08002151   Thumb Code    38  stm32f10x_flash.o(i.FLASH_WaitForLastOperation)
    FSMC_IRQHandler                          0x08002177   Thumb Code     2  stm32f10x_it.o(i.FSMC_IRQHandler)
    FSMC_LCD_Init                            0x08002179   Thumb Code   182  tftlcd.o(i.FSMC_LCD_Init)
    FSMC_NORSRAMCmd                          0x08002241   Thumb Code    46  stm32f10x_fsmc.o(i.FSMC_NORSRAMCmd)
    FSMC_NORSRAMInit                         0x08002275   Thumb Code   226  stm32f10x_fsmc.o(i.FSMC_NORSRAMInit)
    GPIO_Configuration                       0x08002359   Thumb Code    66  bsp.o(i.GPIO_Configuration)
    GPIO_Init                                0x080023a9   Thumb Code   278  stm32f10x_gpio.o(i.GPIO_Init)
    GPIO_ReadInputDataBit                    0x080024bf   Thumb Code    18  stm32f10x_gpio.o(i.GPIO_ReadInputDataBit)
    GPIO_ResetBits                           0x080024d1   Thumb Code     4  stm32f10x_gpio.o(i.GPIO_ResetBits)
    GPIO_WriteBit                            0x080024d5   Thumb Code    10  stm32f10x_gpio.o(i.GPIO_WriteBit)
    GUI_ClrArea                              0x080024df   Thumb Code    22  gui.o(i.GUI_ClrArea)
    GUI_DispStr                              0x080024f5   Thumb Code   196  gui.o(i.GUI_DispStr)
    GUI_HideArea                             0x080025b9   Thumb Code    24  gui.o(i.GUI_HideArea)
    GUI_printf                               0x080025d5   Thumb Code    44  gui.o(i.GUI_printf)
    I2C1_ER_IRQHandler                       0x08002601   Thumb Code     2  stm32f10x_it.o(i.I2C1_ER_IRQHandler)
    I2C1_EV_IRQHandler                       0x08002603   Thumb Code     2  stm32f10x_it.o(i.I2C1_EV_IRQHandler)
    I2C2_ER_IRQHandler                       0x08002605   Thumb Code     2  stm32f10x_it.o(i.I2C2_ER_IRQHandler)
    I2C2_EV_IRQHandler                       0x08002607   Thumb Code     2  stm32f10x_it.o(i.I2C2_EV_IRQHandler)
    LCD_DrawPoint                            0x08002609   Thumb Code    60  tftlcd.o(i.LCD_DrawPoint)
    LCD_Fill                                 0x08002651   Thumb Code   142  tftlcd.o(i.LCD_Fill)
    LCD_Init                                 0x080026ed   Thumb Code   768  tftlcd.o(i.LCD_Init)
    LCD_Set_Address                          0x080029f1   Thumb Code    24  tftlcd.o(i.LCD_Set_Address)
    LCD_Set_Coord                            0x08002a0d   Thumb Code    38  tftlcd.o(i.LCD_Set_Coord)
    LCD_Set_Disp_Window                      0x08002a3d   Thumb Code    48  tftlcd.o(i.LCD_Set_Disp_Window)
    LCD_ShowCN                               0x08002a71   Thumb Code   100  tftlcd.o(i.LCD_ShowCN)
    LCD_ShowChar                             0x08002ad5   Thumb Code   120  tftlcd.o(i.LCD_ShowChar)
    PVD_IRQHandler                           0x08002b4d   Thumb Code     2  stm32f10x_it.o(i.PVD_IRQHandler)
    RCC_ADCCLKConfig                         0x08002b51   Thumb Code    18  stm32f10x_rcc.o(i.RCC_ADCCLKConfig)
    RCC_AHBPeriphClockCmd                    0x08002b69   Thumb Code    26  stm32f10x_rcc.o(i.RCC_AHBPeriphClockCmd)
    RCC_APB1PeriphClockCmd                   0x08002b89   Thumb Code    26  stm32f10x_rcc.o(i.RCC_APB1PeriphClockCmd)
    RCC_APB2PeriphClockCmd                   0x08002ba9   Thumb Code    26  stm32f10x_rcc.o(i.RCC_APB2PeriphClockCmd)
    RCC_Configuration                        0x08002bc9   Thumb Code    22  bsp.o(i.RCC_Configuration)
    RCC_GetClocksFreq                        0x08002be1   Thumb Code   192  stm32f10x_rcc.o(i.RCC_GetClocksFreq)
    RCC_IRQHandler                           0x08002cb5   Thumb Code     2  stm32f10x_it.o(i.RCC_IRQHandler)
    RTCAlarm_IRQHandler                      0x08002cb7   Thumb Code     2  stm32f10x_it.o(i.RTCAlarm_IRQHandler)
    RTC_IRQHandler                           0x08002cb9   Thumb Code     2  stm32f10x_it.o(i.RTC_IRQHandler)
    SDIO_IRQHandler                          0x08002cbb   Thumb Code     2  stm32f10x_it.o(i.SDIO_IRQHandler)
    SPI1_IRQHandler                          0x08002cbd   Thumb Code     2  stm32f10x_it.o(i.SPI1_IRQHandler)
    SPI2_IRQHandler                          0x08002cbf   Thumb Code     2  stm32f10x_it.o(i.SPI2_IRQHandler)
    SPI3_IRQHandler                          0x08002cc1   Thumb Code     2  stm32f10x_it.o(i.SPI3_IRQHandler)
    SPI_Cmd                                  0x08002cc3   Thumb Code    24  stm32f10x_spi.o(i.SPI_Cmd)
    SPI_Exchange_Data                        0x08002cdb   Thumb Code    52  spi.o(i.SPI_Exchange_Data)
    SPI_I2S_GetFlagStatus                    0x08002d0f   Thumb Code    18  stm32f10x_spi.o(i.SPI_I2S_GetFlagStatus)
    SPI_I2S_ReceiveData                      0x08002d21   Thumb Code     6  stm32f10x_spi.o(i.SPI_I2S_ReceiveData)
    SPI_I2S_SendData                         0x08002d27   Thumb Code     4  stm32f10x_spi.o(i.SPI_I2S_SendData)
    SPI_Init                                 0x08002d2b   Thumb Code    60  stm32f10x_spi.o(i.SPI_Init)
    SystemInit                               0x08002e51   Thumb Code    70  system_stm32f10x.o(i.SystemInit)
    TAMPER_IRQHandler                        0x08002ea5   Thumb Code     2  stm32f10x_it.o(i.TAMPER_IRQHandler)
    TIM1_BRK_IRQHandler                      0x08002ea7   Thumb Code     2  stm32f10x_it.o(i.TIM1_BRK_IRQHandler)
    TIM1_CC_IRQHandler                       0x08002ea9   Thumb Code     2  stm32f10x_it.o(i.TIM1_CC_IRQHandler)
    TIM1_TRG_COM_IRQHandler                  0x08002eab   Thumb Code     2  stm32f10x_it.o(i.TIM1_TRG_COM_IRQHandler)
    TIM1_UP_IRQHandler                       0x08002ead   Thumb Code     2  stm32f10x_it.o(i.TIM1_UP_IRQHandler)
    TIM2_IRQHandler                          0x08002eaf   Thumb Code     2  stm32f10x_it.o(i.TIM2_IRQHandler)
    TIM3_IRQHandler                          0x08002eb1   Thumb Code     2  stm32f10x_it.o(i.TIM3_IRQHandler)
    TIM4_IRQHandler                          0x08002eb3   Thumb Code     2  stm32f10x_it.o(i.TIM4_IRQHandler)
    TIM5_IRQHandler                          0x08002eb5   Thumb Code     2  stm32f10x_it.o(i.TIM5_IRQHandler)
    TIM6_IRQHandler                          0x08002eb7   Thumb Code     2  stm32f10x_it.o(i.TIM6_IRQHandler)
    TIM7_IRQHandler                          0x08002eb9   Thumb Code     2  stm32f10x_it.o(i.TIM7_IRQHandler)
    TIM8_BRK_IRQHandler                      0x08002ebb   Thumb Code     2  stm32f10x_it.o(i.TIM8_BRK_IRQHandler)
    TIM8_CC_IRQHandler                       0x08002ebd   Thumb Code     2  stm32f10x_it.o(i.TIM8_CC_IRQHandler)
    TIM8_TRG_COM_IRQHandler                  0x08002ebf   Thumb Code     2  stm32f10x_it.o(i.TIM8_TRG_COM_IRQHandler)
    TIM8_UP_IRQHandler                       0x08002ec1   Thumb Code     2  stm32f10x_it.o(i.TIM8_UP_IRQHandler)
    TIM_Cmd                                  0x08002ec3   Thumb Code    24  stm32f10x_tim.o(i.TIM_Cmd)
    TIM_CtrlPWMOutputs                       0x08002edb   Thumb Code    30  stm32f10x_tim.o(i.TIM_CtrlPWMOutputs)
    TIM_OC1Init                              0x08002ef9   Thumb Code   132  stm32f10x_tim.o(i.TIM_OC1Init)
    TIM_TimeBaseInit                         0x08002f91   Thumb Code   122  stm32f10x_tim.o(i.TIM_TimeBaseInit)
    TIM_TimeBaseStructInit                   0x08003035   Thumb Code    18  stm32f10x_tim.o(i.TIM_TimeBaseStructInit)
    UART4_IRQHandler                         0x08003047   Thumb Code     2  stm32f10x_it.o(i.UART4_IRQHandler)
    UART5_IRQHandler                         0x08003049   Thumb Code     2  stm32f10x_it.o(i.UART5_IRQHandler)
    USART1_IRQHandler                        0x0800304b   Thumb Code     2  stm32f10x_it.o(i.USART1_IRQHandler)
    USART1_configuration                     0x0800304d   Thumb Code   126  usart.o(i.USART1_configuration)
    USART1_printf                            0x080030d5   Thumb Code    40  usart.o(i.USART1_printf)
    USART1_printf_line                       0x08003105   Thumb Code    48  usart.o(i.USART1_printf_line)
    USART2_IRQHandler                        0x08003141   Thumb Code     2  stm32f10x_it.o(i.USART2_IRQHandler)
    USART3_IRQHandler                        0x08003143   Thumb Code     2  stm32f10x_it.o(i.USART3_IRQHandler)
    USART_Cmd                                0x08003145   Thumb Code    24  stm32f10x_usart.o(i.USART_Cmd)
    USART_DMACmd                             0x0800315d   Thumb Code    18  stm32f10x_usart.o(i.USART_DMACmd)
    USART_ITConfig                           0x0800316f   Thumb Code    74  stm32f10x_usart.o(i.USART_ITConfig)
    USART_Init                               0x080031b9   Thumb Code   210  stm32f10x_usart.o(i.USART_Init)
    USART_SendData                           0x08003291   Thumb Code    22  stm32f10x_usart.o(i.USART_SendData)
    USART_SendStr                            0x080032ad   Thumb Code    30  usart.o(i.USART_SendStr)
    USBWakeUp_IRQHandler                     0x080032cb   Thumb Code     2  stm32f10x_it.o(i.USBWakeUp_IRQHandler)
    VAD                                      0x080032cd   Thumb Code   454  vad.o(i.VAD)
    WWDG_IRQHandler                          0x08003493   Thumb Code     2  stm32f10x_it.o(i.WWDG_IRQHandler)
    __0vsnprintf                             0x08003495   Thumb Code    40  printfa.o(i.__0vsnprintf)
    __1vsnprintf                             0x08003495   Thumb Code     0  printfa.o(i.__0vsnprintf)
    __2vsnprintf                             0x08003495   Thumb Code     0  printfa.o(i.__0vsnprintf)
    __c89vsnprintf                           0x08003495   Thumb Code     0  printfa.o(i.__0vsnprintf)
    vsnprintf                                0x08003495   Thumb Code     0  printfa.o(i.__0vsnprintf)
    __kernel_poly                            0x080034c1   Thumb Code   170  poly.o(i.__kernel_poly)
    __mathlib_dbl_divzero                    0x0800356d   Thumb Code    12  dunder.o(i.__mathlib_dbl_divzero)
    __mathlib_dbl_infnan                     0x0800357d   Thumb Code     6  dunder.o(i.__mathlib_dbl_infnan)
    __mathlib_dbl_invalid                    0x08003583   Thumb Code    12  dunder.o(i.__mathlib_dbl_invalid)
    __scatterload_copy                       0x0800358f   Thumb Code    14  handlers.o(i.__scatterload_copy)
    __scatterload_null                       0x0800359d   Thumb Code     2  handlers.o(i.__scatterload_null)
    __scatterload_zeroinit                   0x0800359f   Thumb Code    14  handlers.o(i.__scatterload_zeroinit)
    __set_errno                              0x080035ad   Thumb Code     6  errno.o(i.__set_errno)
    delay_ms                                 0x08003e81   Thumb Code    56  delay.o(i.delay_ms)
    delay_us                                 0x08003eb9   Thumb Code    54  delay.o(i.delay_us)
    disp_comm                                0x08003ef1   Thumb Code    44  main.o(i.disp_comm)
    disp_home                                0x08003f25   Thumb Code    92  main.o(i.disp_home)
    disp_mdl_prc                             0x08003fd5   Thumb Code    60  main.o(i.disp_mdl_prc)
    disp_recg                                0x08004031   Thumb Code    64  main.o(i.disp_recg)
    dtw                                      0x08004099   Thumb Code   324  dtw.o(i.dtw)
    dtw_limit                                0x080041ed   Thumb Code   108  dtw.o(i.dtw_limit)
    fft                                      0x08004269   Thumb Code   152  mfcc.o(i.fft)
    getGB2312Font24Dot                       0x0800430d   Thumb Code    42  spiflash.o(i.getGB2312Font24Dot)
    get_dis                                  0x0800433d   Thumb Code    64  dtw.o(i.get_dis)
    get_mfcc                                 0x0800437d   Thumb Code   594  mfcc.o(i.get_mfcc)
    log                                      0x080045f5   Thumb Code   808  log.o(i.log)
    main                                     0x08004951   Thumb Code    74  main.o(i.main)
    noise_atap                               0x080049d5   Thumb Code   190  vad.o(i.noise_atap)
    prc                                      0x08004a95   Thumb Code   416  main.o(i.prc)
    recg                                     0x08004c9d   Thumb Code   216  main.o(i.recg)
    record                                   0x08004dc9   Thumb Code    92  main.o(i.record)
    save_ftr_mdl                             0x08004e35   Thumb Code   184  flash.o(i.save_ftr_mdl)
    save_mdl                                 0x08004f35   Thumb Code    72  main.o(i.save_mdl)
    set_comm_backclor                        0x08004f89   Thumb Code    26  main.o(i.set_comm_backclor)
    set_label_backclor                       0x08004fa9   Thumb Code    16  main.o(i.set_label_backclor)
    spch_recg                                0x08004fb9   Thumb Code   182  main.o(i.spch_recg)
    spiFlashExchangeData                     0x080050a1   Thumb Code    14  spiflash.o(i.spiFlashExchangeData)
    spiFlashInit                             0x080050b5   Thumb Code   150  spiflash.o(i.spiFlashInit)
    spiFlashRead                             0x08005155   Thumb Code    80  spiflash.o(i.spiFlashRead)
    spiFlashSelect                           0x080051a5   Thumb Code    26  spiflash.o(i.spiFlashSelect)
    spiFlashWaitBusy                         0x080051c5   Thumb Code    36  spiflash.o(i.spiFlashWaitBusy)
    sqrtf                                    0x080051e9   Thumb Code    44  sqrtf.o(i.sqrtf)
    touchPanelInit                           0x08005215   Thumb Code   178  touch_panel.o(i.touchPanelInit)
    touch_area                               0x080052d5   Thumb Code    58  gui.o(i.touch_area)
    touch_panel_read                         0x08005319   Thumb Code   444  touch_panel.o(i.touch_panel_read)
    wait_touch                               0x080054f1   Thumb Code    82  gui.o(i.wait_touch)
    hamm                                     0x08005570   Data         320  mfcc.o(.constdata)
    tri_cen                                  0x080056b0   Data          48  mfcc.o(.constdata)
    tri_odd                                  0x080056e0   Data        1024  mfcc.o(.constdata)
    tri_even                                 0x08005ae0   Data        1024  mfcc.o(.constdata)
    dct_arg                                  0x08005ee0   Data         288  mfcc.o(.constdata)
    __mathlib_zero                           0x08006038   Data           8  qnan.o(.constdata)
    Region$$Table$$Base                      0x08006040   Number         0  anon$$obj.o(Region$$Table)
    Region$$Table$$Limit                     0x08006060   Number         0  anon$$obj.o(Region$$Table)
    commstr                                  0x20000000   Data          54  main.o(.data)
    Screen                                   0x2000003e   Data          12  gui.o(.data)
    Label                                    0x2000004a   Data         372  gui.o(.data)
    touch_left                               0x200001be   Data           2  gui.o(.data)
    touch_top                                0x200001c0   Data           2  gui.o(.data)
    LCD_COORD                                0x200001c2   Data           1  tftlcd.o(.data)
    VcBuf                                    0x200001dc   Data       32000  main.o(.bss)
    atap_arg                                 0x20007edc   Data          12  main.o(.bss)
    valid_voice                              0x20007ee8   Data          24  main.o(.bss)
    ftr                                      0x20007f00   Data        2860  main.o(.bss)
    fft_out                                  0x20008a2c   Data        4096  mfcc.o(.bss)
    fft_in                                   0x20009a2c   Data        4096  mfcc.o(.bss)
    printfBuf                                0x2000aa2c   Data         256  usart.o(.bss)
    FONT_24DOT_BUF                           0x2000ab2c   Data          72  spiflash.o(.bss)
    __initial_sp                             0x2000b378   Data           0  startup_stm32f10x_hd.o(STACK)



==============================================================================

Memory Map of the image

  Image Entry point : 0x08000131

  Load Region LR_IROM1 (Base: 0x08000000, Size: 0x0000623c, Max: 0x00080000, ABSOLUTE, COMPRESSED[0x00006144])

    Execution Region ER_IROM1 (Base: 0x08000000, Size: 0x00006060, Max: 0x00080000, ABSOLUTE)

    Base Addr    Size         Type   Attr      Idx    E Section Name        Object

    0x08000000   0x00000130   Data   RO         1225    RESET               startup_stm32f10x_hd.o
    0x08000130   0x00000000   Code   RO         4245  * .ARM.Collect$$$$00000000  mc_w.l(entry.o)
    0x08000130   0x00000004   Code   RO         4309    .ARM.Collect$$$$00000001  mc_w.l(entry2.o)
    0x08000134   0x00000004   Code   RO         4312    .ARM.Collect$$$$00000004  mc_w.l(entry5.o)
    0x08000138   0x00000000   Code   RO         4314    .ARM.Collect$$$$00000008  mc_w.l(entry7b.o)
    0x08000138   0x00000000   Code   RO         4316    .ARM.Collect$$$$0000000A  mc_w.l(entry8b.o)
    0x08000138   0x00000008   Code   RO         4317    .ARM.Collect$$$$0000000B  mc_w.l(entry9a.o)
    0x08000140   0x00000000   Code   RO         4319    .ARM.Collect$$$$0000000D  mc_w.l(entry10a.o)
    0x08000140   0x00000000   Code   RO         4321    .ARM.Collect$$$$0000000F  mc_w.l(entry11a.o)
    0x08000140   0x00000004   Code   RO         4310    .ARM.Collect$$$$00002712  mc_w.l(entry2.o)
    0x08000144   0x000011e0   Code   RO          663    .text               cr4_fft_1024_stm32.o
    0x08001324   0x00000024   Code   RO         1226    .text               startup_stm32f10x_hd.o
    0x08001348   0x00000064   Code   RO         4278    .text               mf_w.l(fmul.o)
    0x080013ac   0x000000e4   Code   RO         4280    .text               mf_w.l(dmul.o)
    0x08001490   0x00000012   Code   RO         4282    .text               mf_w.l(fflti.o)
    0x080014a2   0x0000000a   Code   RO         4284    .text               mf_w.l(ffltui.o)
    0x080014ac   0x0000001a   Code   RO         4286    .text               mf_w.l(dfltui.o)
    0x080014c6   0x00000028   Code   RO         4288    .text               mf_w.l(ffixui.o)
    0x080014ee   0x00000032   Code   RO         4290    .text               mf_w.l(dfixui.o)
    0x08001520   0x0000002c   Code   RO         4326    .text               mc_w.l(uidiv.o)
    0x0800154c   0x00000062   Code   RO         4328    .text               mc_w.l(uldiv.o)
    0x080015ae   0x00000020   Code   RO         4330    .text               mc_w.l(llushr.o)
    0x080015ce   0x00000000   Code   RO         4339    .text               mc_w.l(iusefp.o)
    0x080015ce   0x0000006e   Code   RO         4340    .text               mf_w.l(fepilogue.o)
    0x0800163c   0x0000005e   Code   RO         4342    .text               mf_w.l(fsqrt.o)
    0x0800169a   0x000000ba   Code   RO         4344    .text               mf_w.l(depilogue.o)
    0x08001754   0x0000014e   Code   RO         4346    .text               mf_w.l(dadd.o)
    0x080018a2   0x000000de   Code   RO         4348    .text               mf_w.l(ddiv.o)
    0x08001980   0x0000002e   Code   RO         4350    .text               mf_w.l(dscalb.o)
    0x080019ae   0x00000022   Code   RO         4352    .text               mf_w.l(dflti.o)
    0x080019d0   0x00000030   Code   RO         4354    .text               mf_w.l(dfixul.o)
    0x08001a00   0x00000030   Code   RO         4356    .text               mf_w.l(cdcmple.o)
    0x08001a30   0x00000030   Code   RO         4358    .text               mf_w.l(cdrcmple.o)
    0x08001a60   0x00000024   Code   RO         4360    .text               mc_w.l(init.o)
    0x08001a84   0x0000001e   Code   RO         4363    .text               mc_w.l(llshl.o)
    0x08001aa2   0x00000024   Code   RO         4365    .text               mc_w.l(llsshr.o)
    0x08001ac6   0x00000056   Code   RO         4376    .text               mc_w.l(__dczerorl2.o)
    0x08001b1c   0x00000002   Code   RO          762    i.ADC1_2_IRQHandler  stm32f10x_it.o
    0x08001b1e   0x00000002   Code   RO          763    i.ADC3_IRQHandler   stm32f10x_it.o
    0x08001b20   0x00000016   Code   RO         1275    i.ADC_Cmd           stm32f10x_adc.o
    0x08001b36   0x00000016   Code   RO         1276    i.ADC_DMACmd        stm32f10x_adc.o
    0x08001b4c   0x00000154   Code   RO          411    i.ADC_DMA_Init      adc.o
    0x08001ca0   0x00000014   Code   RO         1283    i.ADC_GetCalibrationStatus  stm32f10x_adc.o
    0x08001cb4   0x00000014   Code   RO         1289    i.ADC_GetResetCalibrationStatus  stm32f10x_adc.o
    0x08001cc8   0x00000050   Code   RO         1293    i.ADC_Init          stm32f10x_adc.o
    0x08001d18   0x000000b8   Code   RO         1297    i.ADC_RegularChannelConfig  stm32f10x_adc.o
    0x08001dd0   0x0000000a   Code   RO         1298    i.ADC_ResetCalibration  stm32f10x_adc.o
    0x08001dda   0x00000016   Code   RO         1300    i.ADC_SoftwareStartConvCmd  stm32f10x_adc.o
    0x08001df0   0x0000000a   Code   RO         1302    i.ADC_StartCalibration  stm32f10x_adc.o
    0x08001dfa   0x00000010   Code   RO          366    i.BSP_CPU_ClkFreq   bsp.o
    0x08001e0a   0x00000002   PAD
    0x08001e0c   0x00000030   Code   RO          367    i.BSP_Init          bsp.o
    0x08001e3c   0x00000002   Code   RO          767    i.DMA1_Channel1_IRQHandler  stm32f10x_it.o
    0x08001e3e   0x00000002   Code   RO          768    i.DMA1_Channel2_IRQHandler  stm32f10x_it.o
    0x08001e40   0x00000002   Code   RO          769    i.DMA1_Channel3_IRQHandler  stm32f10x_it.o
    0x08001e42   0x00000002   Code   RO          770    i.DMA1_Channel4_IRQHandler  stm32f10x_it.o
    0x08001e44   0x00000002   Code   RO          771    i.DMA1_Channel5_IRQHandler  stm32f10x_it.o
    0x08001e46   0x00000002   Code   RO          772    i.DMA1_Channel6_IRQHandler  stm32f10x_it.o
    0x08001e48   0x00000002   Code   RO          773    i.DMA1_Channel7_IRQHandler  stm32f10x_it.o
    0x08001e4a   0x00000002   Code   RO          774    i.DMA2_Channel1_IRQHandler  stm32f10x_it.o
    0x08001e4c   0x00000002   Code   RO          775    i.DMA2_Channel2_IRQHandler  stm32f10x_it.o
    0x08001e4e   0x00000002   Code   RO          776    i.DMA2_Channel3_IRQHandler  stm32f10x_it.o
    0x08001e50   0x00000002   Code   RO          777    i.DMA2_Channel4_5_IRQHandler  stm32f10x_it.o
    0x08001e52   0x00000002   PAD
    0x08001e54   0x0000001c   Code   RO         1952    i.DMA_ClearFlag     stm32f10x_dma.o
    0x08001e70   0x00000016   Code   RO         1954    i.DMA_Cmd           stm32f10x_dma.o
    0x08001e86   0x00000002   PAD
    0x08001e88   0x0000014c   Code   RO         1955    i.DMA_DeInit        stm32f10x_dma.o
    0x08001fd4   0x0000002c   Code   RO         1957    i.DMA_GetFlagStatus  stm32f10x_dma.o
    0x08002000   0x0000003c   Code   RO         1960    i.DMA_Init          stm32f10x_dma.o
    0x0800203c   0x00000002   Code   RO          779    i.EXTI0_IRQHandler  stm32f10x_it.o
    0x0800203e   0x00000002   Code   RO          780    i.EXTI15_10_IRQHandler  stm32f10x_it.o
    0x08002040   0x00000002   Code   RO          781    i.EXTI1_IRQHandler  stm32f10x_it.o
    0x08002042   0x00000002   Code   RO          782    i.EXTI2_IRQHandler  stm32f10x_it.o
    0x08002044   0x00000002   Code   RO          783    i.EXTI3_IRQHandler  stm32f10x_it.o
    0x08002046   0x00000002   Code   RO          784    i.EXTI4_IRQHandler  stm32f10x_it.o
    0x08002048   0x00000002   Code   RO          785    i.EXTI9_5_IRQHandler  stm32f10x_it.o
    0x0800204a   0x00000002   PAD
    0x0800204c   0x0000000c   Code   RO         2078    i.FLASH_ClearFlag   stm32f10x_flash.o
    0x08002058   0x00000050   Code   RO         2083    i.FLASH_ErasePage   stm32f10x_flash.o
    0x080020a8   0x00000034   Code   RO         2084    i.FLASH_GetBank1Status  stm32f10x_flash.o
    0x080020dc   0x00000002   Code   RO          786    i.FLASH_IRQHandler  stm32f10x_it.o
    0x080020de   0x00000002   PAD
    0x080020e0   0x00000014   Code   RO         2094    i.FLASH_LockBank1   stm32f10x_flash.o
    0x080020f4   0x00000044   Code   RO         2096    i.FLASH_ProgramHalfWord  stm32f10x_flash.o
    0x08002138   0x00000018   Code   RO         2102    i.FLASH_UnlockBank1  stm32f10x_flash.o
    0x08002150   0x00000026   Code   RO         2105    i.FLASH_WaitForLastOperation  stm32f10x_flash.o
    0x08002176   0x00000002   Code   RO          787    i.FSMC_IRQHandler   stm32f10x_it.o
    0x08002178   0x000000c8   Code   RO          495    i.FSMC_LCD_Init     tftlcd.o
    0x08002240   0x00000034   Code   RO         2266    i.FSMC_NORSRAMCmd   stm32f10x_fsmc.o
    0x08002274   0x000000e2   Code   RO         2268    i.FSMC_NORSRAMInit  stm32f10x_fsmc.o
    0x08002356   0x00000002   PAD
    0x08002358   0x00000050   Code   RO          368    i.GPIO_Configuration  bsp.o
    0x080023a8   0x00000116   Code   RO         2384    i.GPIO_Init         stm32f10x_gpio.o
    0x080024be   0x00000012   Code   RO         2388    i.GPIO_ReadInputDataBit  stm32f10x_gpio.o
    0x080024d0   0x00000004   Code   RO         2391    i.GPIO_ResetBits    stm32f10x_gpio.o
    0x080024d4   0x0000000a   Code   RO         2395    i.GPIO_WriteBit     stm32f10x_gpio.o
    0x080024de   0x00000016   Code   RO          304    i.GUI_ClrArea       gui.o
    0x080024f4   0x000000c4   Code   RO          305    i.GUI_DispStr       gui.o
    0x080025b8   0x0000001c   Code   RO          306    i.GUI_HideArea      gui.o
    0x080025d4   0x0000002c   Code   RO          307    i.GUI_printf        gui.o
    0x08002600   0x00000002   Code   RO          789    i.I2C1_ER_IRQHandler  stm32f10x_it.o
    0x08002602   0x00000002   Code   RO          790    i.I2C1_EV_IRQHandler  stm32f10x_it.o
    0x08002604   0x00000002   Code   RO          791    i.I2C2_ER_IRQHandler  stm32f10x_it.o
    0x08002606   0x00000002   Code   RO          792    i.I2C2_EV_IRQHandler  stm32f10x_it.o
    0x08002608   0x00000048   Code   RO          497    i.LCD_DrawPoint     tftlcd.o
    0x08002650   0x0000009c   Code   RO          498    i.LCD_Fill          tftlcd.o
    0x080026ec   0x00000304   Code   RO          499    i.LCD_Init          tftlcd.o
    0x080029f0   0x0000001c   Code   RO          501    i.LCD_Set_Address   tftlcd.o
    0x08002a0c   0x00000030   Code   RO          502    i.LCD_Set_Coord     tftlcd.o
    0x08002a3c   0x00000034   Code   RO          503    i.LCD_Set_Disp_Window  tftlcd.o
    0x08002a70   0x00000064   Code   RO          504    i.LCD_ShowCN        tftlcd.o
    0x08002ad4   0x00000078   Code   RO          505    i.LCD_ShowChar      tftlcd.o
    0x08002b4c   0x00000002   Code   RO          795    i.PVD_IRQHandler    stm32f10x_it.o
    0x08002b4e   0x00000002   PAD
    0x08002b50   0x00000018   Code   RO         2804    i.RCC_ADCCLKConfig  stm32f10x_rcc.o
    0x08002b68   0x00000020   Code   RO         2805    i.RCC_AHBPeriphClockCmd  stm32f10x_rcc.o
    0x08002b88   0x00000020   Code   RO         2806    i.RCC_APB1PeriphClockCmd  stm32f10x_rcc.o
    0x08002ba8   0x00000020   Code   RO         2808    i.RCC_APB2PeriphClockCmd  stm32f10x_rcc.o
    0x08002bc8   0x00000016   Code   RO          370    i.RCC_Configuration  bsp.o
    0x08002bde   0x00000002   PAD
    0x08002be0   0x000000d4   Code   RO         2816    i.RCC_GetClocksFreq  stm32f10x_rcc.o
    0x08002cb4   0x00000002   Code   RO          797    i.RCC_IRQHandler    stm32f10x_it.o
    0x08002cb6   0x00000002   Code   RO          798    i.RTCAlarm_IRQHandler  stm32f10x_it.o
    0x08002cb8   0x00000002   Code   RO          799    i.RTC_IRQHandler    stm32f10x_it.o
    0x08002cba   0x00000002   Code   RO          800    i.SDIO_IRQHandler   stm32f10x_it.o
    0x08002cbc   0x00000002   Code   RO          801    i.SPI1_IRQHandler   stm32f10x_it.o
    0x08002cbe   0x00000002   Code   RO          802    i.SPI2_IRQHandler   stm32f10x_it.o
    0x08002cc0   0x00000002   Code   RO          803    i.SPI3_IRQHandler   stm32f10x_it.o
    0x08002cc2   0x00000018   Code   RO         3294    i.SPI_Cmd           stm32f10x_spi.o
    0x08002cda   0x00000034   Code   RO          479    i.SPI_Exchange_Data  spi.o
    0x08002d0e   0x00000012   Code   RO         3302    i.SPI_I2S_GetFlagStatus  stm32f10x_spi.o
    0x08002d20   0x00000006   Code   RO         3305    i.SPI_I2S_ReceiveData  stm32f10x_spi.o
    0x08002d26   0x00000004   Code   RO         3306    i.SPI_I2S_SendData  stm32f10x_spi.o
    0x08002d2a   0x0000003c   Code   RO         3307    i.SPI_Init          stm32f10x_spi.o
    0x08002d66   0x00000008   Code   RO         1182    i.SetSysClock       system_stm32f10x.o
    0x08002d6e   0x00000002   PAD
    0x08002d70   0x000000e0   Code   RO         1183    i.SetSysClockTo72   system_stm32f10x.o
    0x08002e50   0x00000054   Code   RO         1185    i.SystemInit        system_stm32f10x.o
    0x08002ea4   0x00000002   Code   RO          806    i.TAMPER_IRQHandler  stm32f10x_it.o
    0x08002ea6   0x00000002   Code   RO          807    i.TIM1_BRK_IRQHandler  stm32f10x_it.o
    0x08002ea8   0x00000002   Code   RO          808    i.TIM1_CC_IRQHandler  stm32f10x_it.o
    0x08002eaa   0x00000002   Code   RO          809    i.TIM1_TRG_COM_IRQHandler  stm32f10x_it.o
    0x08002eac   0x00000002   Code   RO          810    i.TIM1_UP_IRQHandler  stm32f10x_it.o
    0x08002eae   0x00000002   Code   RO          811    i.TIM2_IRQHandler   stm32f10x_it.o
    0x08002eb0   0x00000002   Code   RO          812    i.TIM3_IRQHandler   stm32f10x_it.o
    0x08002eb2   0x00000002   Code   RO          813    i.TIM4_IRQHandler   stm32f10x_it.o
    0x08002eb4   0x00000002   Code   RO          814    i.TIM5_IRQHandler   stm32f10x_it.o
    0x08002eb6   0x00000002   Code   RO          815    i.TIM6_IRQHandler   stm32f10x_it.o
    0x08002eb8   0x00000002   Code   RO          816    i.TIM7_IRQHandler   stm32f10x_it.o
    0x08002eba   0x00000002   Code   RO          817    i.TIM8_BRK_IRQHandler  stm32f10x_it.o
    0x08002ebc   0x00000002   Code   RO          818    i.TIM8_CC_IRQHandler  stm32f10x_it.o
    0x08002ebe   0x00000002   Code   RO          819    i.TIM8_TRG_COM_IRQHandler  stm32f10x_it.o
    0x08002ec0   0x00000002   Code   RO          820    i.TIM8_UP_IRQHandler  stm32f10x_it.o
    0x08002ec2   0x00000018   Code   RO         3452    i.TIM_Cmd           stm32f10x_tim.o
    0x08002eda   0x0000001e   Code   RO         3454    i.TIM_CtrlPWMOutputs  stm32f10x_tim.o
    0x08002ef8   0x00000098   Code   RO         3481    i.TIM_OC1Init       stm32f10x_tim.o
    0x08002f90   0x000000a4   Code   RO         3523    i.TIM_TimeBaseInit  stm32f10x_tim.o
    0x08003034   0x00000012   Code   RO         3524    i.TIM_TimeBaseStructInit  stm32f10x_tim.o
    0x08003046   0x00000002   Code   RO          821    i.UART4_IRQHandler  stm32f10x_it.o
    0x08003048   0x00000002   Code   RO          822    i.UART5_IRQHandler  stm32f10x_it.o
    0x0800304a   0x00000002   Code   RO          823    i.USART1_IRQHandler  stm32f10x_it.o
    0x0800304c   0x00000088   Code   RO          613    i.USART1_configuration  usart.o
    0x080030d4   0x00000030   Code   RO          615    i.USART1_printf     usart.o
    0x08003104   0x0000003c   Code   RO          616    i.USART1_printf_line  usart.o
    0x08003140   0x00000002   Code   RO          824    i.USART2_IRQHandler  stm32f10x_it.o
    0x08003142   0x00000002   Code   RO          825    i.USART3_IRQHandler  stm32f10x_it.o
    0x08003144   0x00000018   Code   RO         3991    i.USART_Cmd         stm32f10x_usart.o
    0x0800315c   0x00000012   Code   RO         3992    i.USART_DMACmd      stm32f10x_usart.o
    0x0800316e   0x0000004a   Code   RO         3997    i.USART_ITConfig    stm32f10x_usart.o
    0x080031b8   0x000000d8   Code   RO         3998    i.USART_Init        stm32f10x_usart.o
    0x08003290   0x0000001c   Code   RO         4008    i.USART_SendData    stm32f10x_usart.o
    0x080032ac   0x0000001e   Code   RO          618    i.USART_SendStr     usart.o
    0x080032ca   0x00000002   Code   RO          826    i.USBWakeUp_IRQHandler  stm32f10x_it.o
    0x080032cc   0x000001c6   Code   RO          207    i.VAD               vad.o
    0x08003492   0x00000002   Code   RO          830    i.WWDG_IRQHandler   stm32f10x_it.o
    0x08003494   0x0000002c   Code   RO         4256    i.__0vsnprintf      mc_w.l(printfa.o)
    0x080034c0   0x000000aa   Code   RO         4306    i.__kernel_poly     m_ws.l(poly.o)
    0x0800356a   0x00000002   PAD
    0x0800356c   0x00000010   Code   RO         4292    i.__mathlib_dbl_divzero  m_ws.l(dunder.o)
    0x0800357c   0x00000006   Code   RO         4293    i.__mathlib_dbl_infnan  m_ws.l(dunder.o)
    0x08003582   0x0000000c   Code   RO         4295    i.__mathlib_dbl_invalid  m_ws.l(dunder.o)
    0x0800358e   0x0000000e   Code   RO         4370    i.__scatterload_copy  mc_w.l(handlers.o)
    0x0800359c   0x00000002   Code   RO         4371    i.__scatterload_null  mc_w.l(handlers.o)
    0x0800359e   0x0000000e   Code   RO         4372    i.__scatterload_zeroinit  mc_w.l(handlers.o)
    0x080035ac   0x0000000c   Code   RO         4334    i.__set_errno       mc_w.l(errno.o)
    0x080035b8   0x00000184   Code   RO         4258    i._fp_digits        mc_w.l(printfa.o)
    0x0800373c   0x000006dc   Code   RO         4259    i._printf_core      mc_w.l(printfa.o)
    0x08003e18   0x00000024   Code   RO         4260    i._printf_post_padding  mc_w.l(printfa.o)
    0x08003e3c   0x0000002e   Code   RO         4261    i._printf_pre_padding  mc_w.l(printfa.o)
    0x08003e6a   0x00000016   Code   RO         4262    i._snputc           mc_w.l(printfa.o)
    0x08003e80   0x00000038   Code   RO          438    i.delay_ms          delay.o
    0x08003eb8   0x00000036   Code   RO          439    i.delay_us          delay.o
    0x08003eee   0x00000002   PAD
    0x08003ef0   0x00000034   Code   RO            1    i.disp_comm         main.o
    0x08003f24   0x000000b0   Code   RO            2    i.disp_home         main.o
    0x08003fd4   0x0000005c   Code   RO            3    i.disp_mdl_prc      main.o
    0x08004030   0x00000068   Code   RO            4    i.disp_recg         main.o
    0x08004098   0x00000154   Code   RO          263    i.dtw               dtw.o
    0x080041ec   0x0000007c   Code   RO          264    i.dtw_limit         dtw.o
    0x08004268   0x000000a4   Code   RO          231    i.fft               mfcc.o
    0x0800430c   0x00000030   Code   RO          667    i.getGB2312Font24Dot  spiflash.o
    0x0800433c   0x00000040   Code   RO          265    i.get_dis           dtw.o
    0x0800437c   0x00000278   Code   RO          232    i.get_mfcc          mfcc.o
    0x080045f4   0x0000035c   Code   RO         4228    i.log               m_ws.l(log.o)
    0x08004950   0x00000084   Code   RO            5    i.main              main.o
    0x080049d4   0x000000be   Code   RO          208    i.noise_atap        vad.o
    0x08004a92   0x00000002   PAD
    0x08004a94   0x00000208   Code   RO            6    i.prc               main.o
    0x08004c9c   0x0000012c   Code   RO            7    i.recg              main.o
    0x08004dc8   0x0000006c   Code   RO            8    i.record            main.o
    0x08004e34   0x00000100   Code   RO          461    i.save_ftr_mdl      flash.o
    0x08004f34   0x00000054   Code   RO            9    i.save_mdl          main.o
    0x08004f88   0x00000020   Code   RO           10    i.set_comm_backclor  main.o
    0x08004fa8   0x00000010   Code   RO           11    i.set_label_backclor  main.o
    0x08004fb8   0x000000e8   Code   RO           12    i.spch_recg         main.o
    0x080050a0   0x00000014   Code   RO          669    i.spiFlashExchangeData  spiflash.o
    0x080050b4   0x000000a0   Code   RO          670    i.spiFlashInit      spiflash.o
    0x08005154   0x00000050   Code   RO          672    i.spiFlashRead      spiflash.o
    0x080051a4   0x00000020   Code   RO          674    i.spiFlashSelect    spiflash.o
    0x080051c4   0x00000024   Code   RO          676    i.spiFlashWaitBusy  spiflash.o
    0x080051e8   0x0000002c   Code   RO         4238    i.sqrtf             m_ws.l(sqrtf.o)
    0x08005214   0x000000c0   Code   RO          587    i.touchPanelInit    touch_panel.o
    0x080052d4   0x00000044   Code   RO          308    i.touch_area        gui.o
    0x08005318   0x000001d8   Code   RO          588    i.touch_panel_read  touch_panel.o
    0x080054f0   0x00000080   Code   RO          309    i.wait_touch        gui.o
    0x08005570   0x00000a90   Data   RO          234    .constdata          mfcc.o
    0x08006000   0x00000038   Data   RO         4229    .constdata          m_ws.l(log.o)
    0x08006038   0x00000008   Data   RO         4308    .constdata          m_ws.l(qnan.o)
    0x08006040   0x00000020   Data   RO         4368    Region$$Table       anon$$obj.o


    Execution Region RW_IRAM1 (Base: 0x20000000, Size: 0x0000b378, Max: 0x00010000, ABSOLUTE, COMPRESSED[0x000000e4])

    Base Addr    Size         Type   Attr      Idx    E Section Name        Object

    0x20000000   0x00000036   Data   RW           14    .data               main.o
    0x20000036   0x00000008   Data   RW          268    .data               dtw.o
    0x2000003e   0x00000184   Data   RW          310    .data               gui.o
    0x200001c2   0x00000001   Data   RW          507    .data               tftlcd.o
    0x200001c3   0x00000014   Data   RW         2836    .data               stm32f10x_rcc.o
    0x200001d7   0x00000001   PAD
    0x200001d8   0x00000004   Data   RW         4335    .data               mc_w.l(errno.o)
    0x200001dc   0x00008850   Zero   RW           13    .bss                main.o
    0x20008a2c   0x00002000   Zero   RW          233    .bss                mfcc.o
    0x2000aa2c   0x00000100   Zero   RW          619    .bss                usart.o
    0x2000ab2c   0x00000048   Zero   RW          678    .bss                spiflash.o
    0x2000ab74   0x00000004   PAD
    0x2000ab78   0x00000800   Zero   RW         1223    STACK               startup_stm32f10x_hd.o


==============================================================================

Image component sizes


      Code (inc. data)   RO Data    RW Data    ZI Data      Debug   Object Name

       340         22          0          0          0        791   adc.o
       166         24          0          0          0       1878   bsp.o
      4576       4080          0          0          0        336   cr4_fft_1024_stm32.o
       110          0          0          0          0        982   delay.o
       528         32          0          8          0       3120   dtw.o
       256         72          0          0          0       1163   flash.o
       486         60          0        388          0       5470   gui.o
      1848        494          0         54      34896     292353   main.o
       796         50       2704          0       8192       4184   mfcc.o
        52          0          0          0          0        892   spi.o
       376         28          0          0         72       4903   spiflash.o
        36          8        304          0       2048        840   startup_stm32f10x_hd.o
       390         10          0          0          0      25161   stm32f10x_adc.o
       486         28          0          0          0      13842   stm32f10x_dma.o
       294         36          0          0          0      10306   stm32f10x_flash.o
       278          6          0          0          0       9501   stm32f10x_fsmc.o
       310          0          0          0          0      11829   stm32f10x_gpio.o
       112          0          0          0          0      25117   stm32f10x_it.o
       332         44          0         20          0      14301   stm32f10x_rcc.o
       112          0          0          0          0      10910   stm32f10x_spi.o
       388         62          0          0          0      22497   stm32f10x_tim.o
       360         12          0          0          0      10882   stm32f10x_usart.o
       316         24          0          0          0       1917   system_stm32f10x.o
      1548         66          0          1          0       6986   tftlcd.o
       664         42          0          0          0       2224   touch_panel.o
       274         30          0          0        256       2856   usart.o
       644          0          0          0          0       3603   vad.o

    ----------------------------------------------------------------------
     16100       5230       3040        472      45468     488844   Object Totals
         0          0         32          0          0          0   (incl. Generated)
        22          0          0          1          4          0   (incl. Padding)

    ----------------------------------------------------------------------

      Code (inc. data)   RO Data    RW Data    ZI Data      Debug   Library Member Name

        34          4          0          0          0        204   dunder.o
       860         52         56          0          0        256   log.o
       170          0          0          0          0         96   poly.o
         0          0          8          0          0          0   qnan.o
        44          0          0          0          0         80   sqrtf.o
        86          0          0          0          0          0   __dczerorl2.o
         0          0          0          0          0          0   entry.o
         0          0          0          0          0          0   entry10a.o
         0          0          0          0          0          0   entry11a.o
         8          4          0          0          0          0   entry2.o
         4          0          0          0          0          0   entry5.o
         0          0          0          0          0          0   entry7b.o
         0          0          0          0          0          0   entry8b.o
         8          4          0          0          0          0   entry9a.o
        12          6          0          4          0         68   errno.o
        30          0          0          0          0          0   handlers.o
        36          8          0          0          0         68   init.o
         0          0          0          0          0          0   iusefp.o
        30          0          0          0          0         68   llshl.o
        36          0          0          0          0         68   llsshr.o
        32          0          0          0          0         68   llushr.o
      2292         84          0          0          0        516   printfa.o
        44          0          0          0          0         80   uidiv.o
        98          0          0          0          0         92   uldiv.o
        48          0          0          0          0         68   cdcmple.o
        48          0          0          0          0         68   cdrcmple.o
       334          0          0          0          0        148   dadd.o
       222          0          0          0          0        100   ddiv.o
       186          0          0          0          0        176   depilogue.o
        50          0          0          0          0         76   dfixui.o
        48          0          0          0          0         68   dfixul.o
        34          0          0          0          0         76   dflti.o
        26          0          0          0          0         76   dfltui.o
       228          0          0          0          0         96   dmul.o
        46          0          0          0          0         80   dscalb.o
       110          0          0          0          0        168   fepilogue.o
        40          0          0          0          0         68   ffixui.o
        18          0          0          0          0         68   fflti.o
        10          0          0          0          0         68   ffltui.o
       100          0          0          0          0         76   fmul.o
        94          0          0          0          0         96   fsqrt.o

    ----------------------------------------------------------------------
      5468        162         64          4          0       3240   Library Totals
         2          0          0          0          0          0   (incl. Padding)

    ----------------------------------------------------------------------

      Code (inc. data)   RO Data    RW Data    ZI Data      Debug   Library Name

      1108         56         64          0          0        636   m_ws.l
      2716        106          0          4          0       1028   mc_w.l
      1642          0          0          0          0       1576   mf_w.l

    ----------------------------------------------------------------------
      5468        162         64          4          0       3240   Library Totals

    ----------------------------------------------------------------------

==============================================================================


      Code (inc. data)   RO Data    RW Data    ZI Data      Debug   

     21568       5392       3104        476      45468     482332   Grand Totals
     21568       5392       3104        228      45468     482332   ELF Image Totals (compressed)
     21568       5392       3104        228          0          0   ROM Totals

==============================================================================

    Total RO  Size (Code + RO Data)                24672 (  24.09kB)
    Total RW  Size (RW Data + ZI Data)             45944 (  44.87kB)
    Total ROM Size (Code + RO Data + RW Data)      24900 (  24.32kB)

==============================================================================

